#-----------------------------------------------------------
# Vivado v2023.1 (64-bit)
# SW Build 3865809 on Sun May  7 15:05:29 MDT 2023
# IP Build 3864474 on Sun May  7 20:36:21 MDT 2023
# SharedData Build 3865790 on Sun May 07 13:33:03 MDT 2023
# Start of session at: Wed Feb 11 18:43:09 2026
# Process ID: 43964
# Current directory: C:/Users/fawei/Downloads/z20/z20_sd_music/z20_sd_music.runs/system_rst_ps7_0_100M_0_synth_1
# Command line: vivado.exe -log system_rst_ps7_0_100M_0.vds -product Vivado -mode batch -messageDb vivado.pb -notrace -source system_rst_ps7_0_100M_0.tcl
# Log file: C:/Users/fawei/Downloads/z20/z20_sd_music/z20_sd_music.runs/system_rst_ps7_0_100M_0_synth_1/system_rst_ps7_0_100M_0.vds
# Journal file: C:/Users/fawei/Downloads/z20/z20_sd_music/z20_sd_music.runs/system_rst_ps7_0_100M_0_synth_1\vivado.jou
# Running On: TONY-MSI, OS: Windows, CPU Frequency: 2381 MHz, CPU Physical cores: 20, Host memory: 33693 MB
#-----------------------------------------------------------
source system_rst_ps7_0_100M_0.tcl -notrace
