#-----------------------------------------------------------
# Vivado v2023.1 (64-bit)
# SW Build 3865809 on Sun May  7 15:05:29 MDT 2023
# IP Build 3864474 on Sun May  7 20:36:21 MDT 2023
# SharedData Build 3865790 on Sun May 07 13:33:03 MDT 2023
# Start of session at: Wed Apr  8 10:47:10 2026
# Process ID: 37468
# Current directory: C:/Users/fawei/Downloads/z20/525743/FPGA/Zynq_musicPlayer_FPGA
# Command line: vivado.exe -gui_launcher_event rodinguilauncherevent33060 C:\Users\fawei\Downloads\z20\525743\FPGA\Zynq_musicPlayer_FPGA\Zynq_musicPlayer_FPGA.xpr
# Log file: C:/Users/fawei/Downloads/z20/525743/FPGA/Zynq_musicPlayer_FPGA/vivado.log
# Journal file: C:/Users/fawei/Downloads/z20/525743/FPGA/Zynq_musicPlayer_FPGA\vivado.jou
# Running On: TONY-MSI, OS: Windows, CPU Frequency: 2381 MHz, CPU Physical cores: 20, Host memory: 33693 MB
#-----------------------------------------------------------
start_gui
open_project C:/Users/fawei/Downloads/z20/525743/FPGA/Zynq_musicPlayer_FPGA/Zynq_musicPlayer_FPGA.xpr
WARNING: [Board 49-26] cannot add Board Part xilinx.com:vek280_es:part0:1.0 available at D:/app/Xilinx/Vivado/2023.1/data/xhub/boards/XilinxBoardStore/boards/Xilinx/vek280/es/rev_a/1.0/board.xml as part xcve2802-vsvh1760-2lp-e-s-es1 specified in board_part file is either invalid or not available
WARNING: [Board 49-26] cannot add Board Part xilinx.com:vek280_es:part0:1.1 available at D:/app/Xilinx/Vivado/2023.1/data/xhub/boards/XilinxBoardStore/boards/Xilinx/vek280/es/rev_a/1.1/board.xml as part xcve2802-vsvh1760-2lp-e-s-es1 specified in board_part file is either invalid or not available
WARNING: [Board 49-26] cannot add Board Part xilinx.com:vek280_es_revb:part0:1.0 available at D:/app/Xilinx/Vivado/2023.1/data/xhub/boards/XilinxBoardStore/boards/Xilinx/vek280/es/rev_b/1.0/board.xml as part xcve2802-vsvh1760-2mp-e-s-es1 specified in board_part file is either invalid or not available
WARNING: [Board 49-26] cannot add Board Part xilinx.com:vek280_es_revb:part0:1.1 available at D:/app/Xilinx/Vivado/2023.1/data/xhub/boards/XilinxBoardStore/boards/Xilinx/vek280/es/rev_b/1.1/board.xml as part xcve2802-vsvh1760-2mp-e-s-es1 specified in board_part file is either invalid or not available
WARNING: [Board 49-26] cannot add Board Part xilinx.com:vhk158_es:part0:1.0 available at D:/app/Xilinx/Vivado/2023.1/data/xhub/boards/XilinxBoardStore/boards/Xilinx/vhk158/es/1.0/board.xml as part xcvh1582-vsva3697-2mp-e-s-es1 specified in board_part file is either invalid or not available
WARNING: [Board 49-26] cannot add Board Part xilinx.com:vhk158_es:part0:1.1 available at D:/app/Xilinx/Vivado/2023.1/data/xhub/boards/XilinxBoardStore/boards/Xilinx/vhk158/es/1.1/board.xml as part xcvh1582-vsva3697-2mp-e-s-es1 specified in board_part file is either invalid or not available
WARNING: [Board 49-26] cannot add Board Part xilinx.com:vpk120_es:part0:1.2 available at D:/app/Xilinx/Vivado/2023.1/data/xhub/boards/XilinxBoardStore/boards/Xilinx/vpk120/es/1.2/board.xml as part xcvp1202-vsva2785-2mp-e-s-es1 specified in board_part file is either invalid or not available
WARNING: [Board 49-26] cannot add Board Part xilinx.com:vpk120_es:part0:1.3 available at D:/app/Xilinx/Vivado/2023.1/data/xhub/boards/XilinxBoardStore/boards/Xilinx/vpk120/es/1.3/board.xml as part xcvp1202-vsva2785-2mp-e-s-es1 specified in board_part file is either invalid or not available
WARNING: [Board 49-26] cannot add Board Part xilinx.com:vpk120_es_revb:part0:1.0 available at D:/app/Xilinx/Vivado/2023.1/data/xhub/boards/XilinxBoardStore/boards/Xilinx/vpk120_revb/es/1.0/board.xml as part xcvp1202-vsva2785-2mp-e-s-es1 specified in board_part file is either invalid or not available
WARNING: [Board 49-26] cannot add Board Part xilinx.com:vpk120_es_revb:part0:1.1 available at D:/app/Xilinx/Vivado/2023.1/data/xhub/boards/XilinxBoardStore/boards/Xilinx/vpk120_revb/es/1.1/board.xml as part xcvp1202-vsva2785-2mp-e-s-es1 specified in board_part file is either invalid or not available
WARNING: [Board 49-26] cannot add Board Part xilinx.com:vpk180_es:part0:1.0 available at D:/app/Xilinx/Vivado/2023.1/data/xhub/boards/XilinxBoardStore/boards/Xilinx/vpk180/es/1.0/board.xml as part xcvp1802-lsvc4072-2mp-e-s-es1 specified in board_part file is either invalid or not available
WARNING: [Board 49-26] cannot add Board Part xilinx.com:vpk180_es:part0:1.1 available at D:/app/Xilinx/Vivado/2023.1/data/xhub/boards/XilinxBoardStore/boards/Xilinx/vpk180/es/1.1/board.xml as part xcvp1802-lsvc4072-2mp-e-s-es1 specified in board_part file is either invalid or not available
WARNING: [Board 49-26] cannot add Board Part xilinx.com:zcu208ld:part0:2.0 available at D:/app/Xilinx/Vivado/2023.1/data/xhub/boards/XilinxBoardStore/boards/Xilinx/zcu208ld/production/2.0/board.xml as part xczu58dr-fsvg1517-2-i specified in board_part file is either invalid or not available
WARNING: [Board 49-26] cannot add Board Part xilinx.com:zcu216ld:part0:2.0 available at D:/app/Xilinx/Vivado/2023.1/data/xhub/boards/XilinxBoardStore/boards/Xilinx/zcu216ld/production/2.0/board.xml as part xczu59dr-ffvf1760-2-i specified in board_part file is either invalid or not available
WARNING: [Board 49-26] cannot add Board Part xilinx.com:zcu670:part0:2.0 available at D:/app/Xilinx/Vivado/2023.1/data/xhub/boards/XilinxBoardStore/boards/Xilinx/zcu670/2.0/board.xml as part xczu67dr-fsve1156-2-i specified in board_part file is either invalid or not available
WARNING: [Board 49-26] cannot add Board Part xilinx.com:zcu670ld:part0:1.0 available at D:/app/Xilinx/Vivado/2023.1/data/xhub/boards/XilinxBoardStore/boards/Xilinx/zcu670ld/1.0/board.xml as part xczu57dr-fsve1156-2-i specified in board_part file is either invalid or not available
Scanning sources...
Finished scanning sources
INFO: [IP_Flow 19-234] Refreshing IP repositories
INFO: [IP_Flow 19-1700] Loaded user IP repository 'c:/Users/fawei/Downloads/z20/525743/FPGA/z20_sd_music/ip_repo'.
INFO: [IP_Flow 19-2313] Loaded Vivado IP repository 'D:/app/Xilinx/Vivado/2023.1/data/ip'.
open_project: Time (s): cpu = 00:00:13 ; elapsed = 00:00:07 . Memory (MB): peak = 2572.816 ; gain = 409.914
update_compile_order -fileset sources_1
open_bd_design {C:/Users/fawei/Downloads/z20/525743/FPGA/Zynq_musicPlayer_FPGA/Zynq_musicPlayer_FPGA.srcs/sources_1/bd/system/system.bd}
Reading block design file <C:/Users/fawei/Downloads/z20/525743/FPGA/Zynq_musicPlayer_FPGA/Zynq_musicPlayer_FPGA.srcs/sources_1/bd/system/system.bd>...
Adding component instance block -- xilinx.com:ip:processing_system7:5.5 - processing_system7_0
Adding component instance block -- xilinx.com:ip:axi_dma:7.1 - axi_dma_0
Adding component instance block -- analog.com:adi:axi_i2s_adi:1.0 - axi_i2s_adi_0
Adding component instance block -- xilinx.com:ip:xlconcat:2.1 - xlconcat_0
Adding component instance block -- xilinx.com:ip:axi_interconnect:2.1 - ps7_0_axi_periph
Adding component instance block -- xilinx.com:ip:axi_crossbar:2.1 - xbar
Adding component instance block -- xilinx.com:ip:axi_protocol_converter:2.1 - auto_pc
Adding component instance block -- xilinx.com:ip:proc_sys_reset:5.0 - rst_ps7_0_100M
Adding component instance block -- xilinx.com:ip:axi_interconnect:2.1 - axi_mem_intercon
Adding component instance block -- xilinx.com:ip:axi_crossbar:2.1 - xbar
Adding component instance block -- xilinx.com:ip:axi_dwidth_converter:2.1 - auto_us
Adding component instance block -- xilinx.com:ip:axi_dwidth_converter:2.1 - auto_us
Adding component instance block -- xilinx.com:ip:axi_protocol_converter:2.1 - auto_pc
Successfully read diagram <system> from block design file <C:/Users/fawei/Downloads/z20/525743/FPGA/Zynq_musicPlayer_FPGA/Zynq_musicPlayer_FPGA.srcs/sources_1/bd/system/system.bd>
reset_run impl_1 -prev_step 
launch_runs impl_1 -to_step write_bitstream -jobs 20
[Wed Apr  8 10:51:23 2026] Launched impl_1...
Run output will be captured here: C:/Users/fawei/Downloads/z20/525743/FPGA/Zynq_musicPlayer_FPGA/Zynq_musicPlayer_FPGA.runs/impl_1/runme.log
write_hw_platform -fixed -include_bit -force -file C:/Users/fawei/Downloads/z20/525743/FPGA/Zynq_musicPlayer_FPGA/system_wrapper.xsa
INFO: [Project 1-1918] Creating Hardware Platform: C:/Users/fawei/Downloads/z20/525743/FPGA/Zynq_musicPlayer_FPGA/system_wrapper.xsa ...
INFO: [Project 1-1943] The Hardware Platform can be used for Hardware
INFO: [Project 1-1941] Successfully created Hardware Platform: C:/Users/fawei/Downloads/z20/525743/FPGA/Zynq_musicPlayer_FPGA/system_wrapper.xsa
INFO: [Hsi 55-2053] elapsed time for repository (D:/app/Xilinx/Vivado/2023.1/data/embeddedsw) loading 1 seconds
INFO: [Vivado 12-8231] Launching Vitis
INFO: [Vivado 12-417] Running vitis
INFO: [Vivado 12-8232] Vitis launch initiated. Please check console for any further messages.
WARNING: [IP_Flow 19-4318] IP-XACT file does not exist: c:/Users/fawei/Downloads/z20/525743/FPGA/z20_sd_music/ip_repo/axi_i2s_adi/component.xml. It will be created.
update_ip_catalog -rebuild -scan_changes
INFO: [IP_Flow 19-234] Refreshing IP repositories
WARNING: [IP_Flow 19-2248] Failed to load user IP repository 'c:/Users/fawei/Downloads/z20/525743/FPGA/z20_sd_music/ip_repo'; Can't find the specified path.
If this directory should no longer be in your list of user repositories, go to the IP Settings dialog and remove it.
report_ip_status -name ip_status
update_ip_catalog -rebuild
INFO: [IP_Flow 19-234] Refreshing IP repositories
WARNING: [IP_Flow 19-2248] Failed to load user IP repository 'c:/Users/fawei/Downloads/z20/525743/FPGA/z20_sd_music/ip_repo'; Can't find the specified path.
If this directory should no longer be in your list of user repositories, go to the IP Settings dialog and remove it.
set_property  ip_repo_paths  {c:/Users/fawei/Downloads/z20/525743/FPGA/z20_sd_music/ip_repo C:/Users/fawei/Downloads/z20/525743/FPGA/Zynq_musicPlayer_FPGA/ip_repo} [current_project]
update_ip_catalog
INFO: [IP_Flow 19-234] Refreshing IP repositories
WARNING: [IP_Flow 19-2248] Failed to load user IP repository 'c:/Users/fawei/Downloads/z20/525743/FPGA/z20_sd_music/ip_repo'; Can't find the specified path.
If this directory should no longer be in your list of user repositories, go to the IP Settings dialog and remove it.
INFO: [IP_Flow 19-1700] Loaded user IP repository 'c:/Users/fawei/Downloads/z20/525743/FPGA/Zynq_musicPlayer_FPGA/ip_repo'.
set_property  ip_repo_paths  c:/Users/fawei/Downloads/z20/525743/FPGA/Zynq_musicPlayer_FPGA/ip_repo [current_project]
update_ip_catalog
INFO: [IP_Flow 19-234] Refreshing IP repositories
INFO: [IP_Flow 19-1700] Loaded user IP repository 'c:/Users/fawei/Downloads/z20/525743/FPGA/Zynq_musicPlayer_FPGA/ip_repo'.
report_ip_status -name ip_status 
upgrade_ip -vlnv analog.com:adi:axi_i2s_adi:1.0 [get_ips  system_axi_i2s_adi_0_0] -log ip_upgrade.log
Upgrading 'C:/Users/fawei/Downloads/z20/525743/FPGA/Zynq_musicPlayer_FPGA/Zynq_musicPlayer_FPGA.srcs/sources_1/bd/system/system.bd'
INFO: [IP_Flow 19-3420] Updated system_axi_i2s_adi_0_0 to use current project options
Wrote  : <C:\Users\fawei\Downloads\z20\525743\FPGA\Zynq_musicPlayer_FPGA\Zynq_musicPlayer_FPGA.srcs\sources_1\bd\system\system.bd> 
Wrote  : <C:/Users/fawei/Downloads/z20/525743/FPGA/Zynq_musicPlayer_FPGA/Zynq_musicPlayer_FPGA.srcs/sources_1/bd/system/ui/bd_c954508f.ui> 
INFO: [Coretcl 2-1525] Wrote upgrade log to 'C:/Users/fawei/Downloads/z20/525743/FPGA/Zynq_musicPlayer_FPGA/ip_upgrade.log'.
export_ip_user_files -of_objects [get_ips system_axi_i2s_adi_0_0] -no_script -sync -force -quiet
generate_target all [get_files  C:/Users/fawei/Downloads/z20/525743/FPGA/Zynq_musicPlayer_FPGA/Zynq_musicPlayer_FPGA.srcs/sources_1/bd/system/system.bd]
Wrote  : <C:\Users\fawei\Downloads\z20\525743\FPGA\Zynq_musicPlayer_FPGA\Zynq_musicPlayer_FPGA.srcs\sources_1\bd\system\system.bd> 
WARNING: [BD 41-2384] Width mismatch when connecting pin: '/axi_mem_intercon/m00_couplers/auto_pc/m_axi_rid'(2) to pin: '/axi_mem_intercon/m00_couplers/M_AXI_rid'(6) - Only lower order bits will be connected.
WARNING: [BD 41-2384] Width mismatch when connecting pin: '/axi_mem_intercon/m00_couplers/auto_pc/m_axi_bid'(2) to pin: '/axi_mem_intercon/m00_couplers/M_AXI_bid'(6) - Only lower order bits will be connected.
WARNING: [BD 41-2384] Width mismatch when connecting pin: '/processing_system7_0/S_AXI_HP0_AWID'(6) to pin: '/axi_mem_intercon/M00_AXI_awid'(2) - Only lower order bits will be connected.
WARNING: [BD 41-2384] Width mismatch when connecting pin: '/processing_system7_0/S_AXI_HP0_ARID'(6) to pin: '/axi_mem_intercon/M00_AXI_arid'(2) - Only lower order bits will be connected.
WARNING: [BD 41-2384] Width mismatch when connecting pin: '/processing_system7_0/S_AXI_HP0_WID'(6) to pin: '/axi_mem_intercon/M00_AXI_wid'(2) - Only lower order bits will be connected.
Verilog Output written to : c:/Users/fawei/Downloads/z20/525743/FPGA/Zynq_musicPlayer_FPGA/Zynq_musicPlayer_FPGA.gen/sources_1/bd/system/synth/system.v
WARNING: [BD 41-2384] Width mismatch when connecting pin: '/axi_mem_intercon/m00_couplers/auto_pc/m_axi_rid'(2) to pin: '/axi_mem_intercon/m00_couplers/M_AXI_rid'(6) - Only lower order bits will be connected.
WARNING: [BD 41-2384] Width mismatch when connecting pin: '/axi_mem_intercon/m00_couplers/auto_pc/m_axi_bid'(2) to pin: '/axi_mem_intercon/m00_couplers/M_AXI_bid'(6) - Only lower order bits will be connected.
WARNING: [BD 41-2384] Width mismatch when connecting pin: '/processing_system7_0/S_AXI_HP0_AWID'(6) to pin: '/axi_mem_intercon/M00_AXI_awid'(2) - Only lower order bits will be connected.
WARNING: [BD 41-2384] Width mismatch when connecting pin: '/processing_system7_0/S_AXI_HP0_ARID'(6) to pin: '/axi_mem_intercon/M00_AXI_arid'(2) - Only lower order bits will be connected.
WARNING: [BD 41-2384] Width mismatch when connecting pin: '/processing_system7_0/S_AXI_HP0_WID'(6) to pin: '/axi_mem_intercon/M00_AXI_wid'(2) - Only lower order bits will be connected.
Verilog Output written to : c:/Users/fawei/Downloads/z20/525743/FPGA/Zynq_musicPlayer_FPGA/Zynq_musicPlayer_FPGA.gen/sources_1/bd/system/sim/system.v
Verilog Output written to : c:/Users/fawei/Downloads/z20/525743/FPGA/Zynq_musicPlayer_FPGA/Zynq_musicPlayer_FPGA.gen/sources_1/bd/system/hdl/system_wrapper.v
INFO: [BD 41-1029] Generation completed for the IP Integrator block axi_i2s_adi_0 .
WARNING: [IP_Flow 19-4994] Overwriting existing constraint file 'c:/Users/fawei/Downloads/z20/525743/FPGA/Zynq_musicPlayer_FPGA/Zynq_musicPlayer_FPGA.gen/sources_1/bd/system/ip/system_auto_pc_0/system_auto_pc_0_ooc.xdc'
INFO: [BD 41-1029] Generation completed for the IP Integrator block ps7_0_axi_periph/s00_couplers/auto_pc .
WARNING: [IP_Flow 19-4994] Overwriting existing constraint file 'c:/Users/fawei/Downloads/z20/525743/FPGA/Zynq_musicPlayer_FPGA/Zynq_musicPlayer_FPGA.gen/sources_1/bd/system/ip/system_auto_us_0/system_auto_us_0_ooc.xdc'
INFO: [IP_Flow 19-5611] Unable to find an associated reset port for the interface 'S_AXI'. A default connection has been created.
INFO: [IP_Flow 19-5611] Unable to find an associated reset port for the interface 'M_AXI'. A default connection has been created.
INFO: [BD 41-1029] Generation completed for the IP Integrator block axi_mem_intercon/s00_couplers/auto_us .
WARNING: [IP_Flow 19-4994] Overwriting existing constraint file 'c:/Users/fawei/Downloads/z20/525743/FPGA/Zynq_musicPlayer_FPGA/Zynq_musicPlayer_FPGA.gen/sources_1/bd/system/ip/system_auto_us_1/system_auto_us_1_ooc.xdc'
INFO: [IP_Flow 19-5611] Unable to find an associated reset port for the interface 'S_AXI'. A default connection has been created.
INFO: [IP_Flow 19-5611] Unable to find an associated reset port for the interface 'M_AXI'. A default connection has been created.
INFO: [BD 41-1029] Generation completed for the IP Integrator block axi_mem_intercon/s02_couplers/auto_us .
WARNING: [IP_Flow 19-4994] Overwriting existing constraint file 'c:/Users/fawei/Downloads/z20/525743/FPGA/Zynq_musicPlayer_FPGA/Zynq_musicPlayer_FPGA.gen/sources_1/bd/system/ip/system_auto_pc_1/system_auto_pc_1_ooc.xdc'
INFO: [BD 41-1029] Generation completed for the IP Integrator block axi_mem_intercon/m00_couplers/auto_pc .
Exporting to file c:/Users/fawei/Downloads/z20/525743/FPGA/Zynq_musicPlayer_FPGA/Zynq_musicPlayer_FPGA.gen/sources_1/bd/system/hw_handoff/system.hwh
Generated Hardware Definition File c:/Users/fawei/Downloads/z20/525743/FPGA/Zynq_musicPlayer_FPGA/Zynq_musicPlayer_FPGA.gen/sources_1/bd/system/synth/system.hwdef
generate_target: Time (s): cpu = 00:00:14 ; elapsed = 00:00:21 . Memory (MB): peak = 2995.402 ; gain = 176.723
catch { config_ip_cache -export [get_ips -all system_axi_i2s_adi_0_0] }
INFO: [IP_Flow 19-6924] IPCACHE: Running cache check for IP inst: system_axi_i2s_adi_0_0
catch { config_ip_cache -export [get_ips -all system_auto_pc_0] }
INFO: [IP_Flow 19-6924] IPCACHE: Running cache check for IP inst: system_auto_pc_0
catch { config_ip_cache -export [get_ips -all system_auto_us_0] }
INFO: [IP_Flow 19-6924] IPCACHE: Running cache check for IP inst: system_auto_us_0
catch { config_ip_cache -export [get_ips -all system_auto_us_1] }
INFO: [IP_Flow 19-6924] IPCACHE: Running cache check for IP inst: system_auto_us_1
catch { config_ip_cache -export [get_ips -all system_auto_pc_1] }
INFO: [IP_Flow 19-6924] IPCACHE: Running cache check for IP inst: system_auto_pc_1
export_ip_user_files -of_objects [get_files C:/Users/fawei/Downloads/z20/525743/FPGA/Zynq_musicPlayer_FPGA/Zynq_musicPlayer_FPGA.srcs/sources_1/bd/system/system.bd] -no_script -sync -force -quiet
create_ip_run [get_files -of_objects [get_fileset sources_1] C:/Users/fawei/Downloads/z20/525743/FPGA/Zynq_musicPlayer_FPGA/Zynq_musicPlayer_FPGA.srcs/sources_1/bd/system/system.bd]
launch_runs system_auto_pc_0_synth_1 system_auto_pc_1_synth_1 system_auto_us_0_synth_1 system_auto_us_1_synth_1 system_axi_i2s_adi_0_0_synth_1 -jobs 20
INFO: [IP_Flow 19-6924] IPCACHE: Running cache check for IP inst: system_auto_pc_0
INFO: [IP_Flow 19-6924] IPCACHE: Running cache check for IP inst: system_auto_pc_1
INFO: [IP_Flow 19-6924] IPCACHE: Running cache check for IP inst: system_auto_us_0
INFO: [IP_Flow 19-6924] IPCACHE: Running cache check for IP inst: system_auto_us_1
INFO: [IP_Flow 19-6924] IPCACHE: Running cache check for IP inst: system_axi_i2s_adi_0_0
[Wed Apr  8 12:20:44 2026] Launched system_auto_pc_0_synth_1, system_auto_pc_1_synth_1, system_auto_us_0_synth_1, system_auto_us_1_synth_1, system_axi_i2s_adi_0_0_synth_1...
Run output will be captured here:
system_auto_pc_0_synth_1: C:/Users/fawei/Downloads/z20/525743/FPGA/Zynq_musicPlayer_FPGA/Zynq_musicPlayer_FPGA.runs/system_auto_pc_0_synth_1/runme.log
system_auto_pc_1_synth_1: C:/Users/fawei/Downloads/z20/525743/FPGA/Zynq_musicPlayer_FPGA/Zynq_musicPlayer_FPGA.runs/system_auto_pc_1_synth_1/runme.log
system_auto_us_0_synth_1: C:/Users/fawei/Downloads/z20/525743/FPGA/Zynq_musicPlayer_FPGA/Zynq_musicPlayer_FPGA.runs/system_auto_us_0_synth_1/runme.log
system_auto_us_1_synth_1: C:/Users/fawei/Downloads/z20/525743/FPGA/Zynq_musicPlayer_FPGA/Zynq_musicPlayer_FPGA.runs/system_auto_us_1_synth_1/runme.log
system_axi_i2s_adi_0_0_synth_1: C:/Users/fawei/Downloads/z20/525743/FPGA/Zynq_musicPlayer_FPGA/Zynq_musicPlayer_FPGA.runs/system_axi_i2s_adi_0_0_synth_1/runme.log
export_simulation -of_objects [get_files C:/Users/fawei/Downloads/z20/525743/FPGA/Zynq_musicPlayer_FPGA/Zynq_musicPlayer_FPGA.srcs/sources_1/bd/system/system.bd] -directory C:/Users/fawei/Downloads/z20/525743/FPGA/Zynq_musicPlayer_FPGA/Zynq_musicPlayer_FPGA.ip_user_files/sim_scripts -ip_user_files_dir C:/Users/fawei/Downloads/z20/525743/FPGA/Zynq_musicPlayer_FPGA/Zynq_musicPlayer_FPGA.ip_user_files -ipstatic_source_dir C:/Users/fawei/Downloads/z20/525743/FPGA/Zynq_musicPlayer_FPGA/Zynq_musicPlayer_FPGA.ip_user_files/ipstatic -lib_map_path [list {modelsim=C:/Users/fawei/Downloads/z20/525743/FPGA/Zynq_musicPlayer_FPGA/Zynq_musicPlayer_FPGA.cache/compile_simlib/modelsim} {questa=C:/Users/fawei/Downloads/z20/525743/FPGA/Zynq_musicPlayer_FPGA/Zynq_musicPlayer_FPGA.cache/compile_simlib/questa} {riviera=C:/Users/fawei/Downloads/z20/525743/FPGA/Zynq_musicPlayer_FPGA/Zynq_musicPlayer_FPGA.cache/compile_simlib/riviera} {activehdl=C:/Users/fawei/Downloads/z20/525743/FPGA/Zynq_musicPlayer_FPGA/Zynq_musicPlayer_FPGA.cache/compile_simlib/activehdl}] -use_ip_compiled_libs -force -quiet
report_ip_status -name ip_status 
regenerate_bd_layout
regenerate_bd_layout
validate_bd_design -force
save_bd_design
Wrote  : <C:\Users\fawei\Downloads\z20\525743\FPGA\Zynq_musicPlayer_FPGA\Zynq_musicPlayer_FPGA.srcs\sources_1\bd\system\system.bd> 
Wrote  : <C:/Users/fawei/Downloads/z20/525743/FPGA/Zynq_musicPlayer_FPGA/Zynq_musicPlayer_FPGA.srcs/sources_1/bd/system/ui/bd_c954508f.ui> 
make_wrapper -files [get_files C:/Users/fawei/Downloads/z20/525743/FPGA/Zynq_musicPlayer_FPGA/Zynq_musicPlayer_FPGA.srcs/sources_1/bd/system/system.bd] -top
INFO: [BD 41-1662] The design 'system.bd' is already validated. Therefore parameter propagation will not be re-run.
WARNING: [BD 41-2384] Width mismatch when connecting pin: '/axi_mem_intercon/m00_couplers/auto_pc/m_axi_rid'(2) to pin: '/axi_mem_intercon/m00_couplers/M_AXI_rid'(6) - Only lower order bits will be connected.
WARNING: [BD 41-2384] Width mismatch when connecting pin: '/axi_mem_intercon/m00_couplers/auto_pc/m_axi_bid'(2) to pin: '/axi_mem_intercon/m00_couplers/M_AXI_bid'(6) - Only lower order bits will be connected.
WARNING: [BD 41-2384] Width mismatch when connecting pin: '/processing_system7_0/S_AXI_HP0_AWID'(6) to pin: '/axi_mem_intercon/M00_AXI_awid'(2) - Only lower order bits will be connected.
WARNING: [BD 41-2384] Width mismatch when connecting pin: '/processing_system7_0/S_AXI_HP0_ARID'(6) to pin: '/axi_mem_intercon/M00_AXI_arid'(2) - Only lower order bits will be connected.
WARNING: [BD 41-2384] Width mismatch when connecting pin: '/processing_system7_0/S_AXI_HP0_WID'(6) to pin: '/axi_mem_intercon/M00_AXI_wid'(2) - Only lower order bits will be connected.
Verilog Output written to : c:/Users/fawei/Downloads/z20/525743/FPGA/Zynq_musicPlayer_FPGA/Zynq_musicPlayer_FPGA.gen/sources_1/bd/system/synth/system.v
WARNING: [BD 41-2384] Width mismatch when connecting pin: '/axi_mem_intercon/m00_couplers/auto_pc/m_axi_rid'(2) to pin: '/axi_mem_intercon/m00_couplers/M_AXI_rid'(6) - Only lower order bits will be connected.
WARNING: [BD 41-2384] Width mismatch when connecting pin: '/axi_mem_intercon/m00_couplers/auto_pc/m_axi_bid'(2) to pin: '/axi_mem_intercon/m00_couplers/M_AXI_bid'(6) - Only lower order bits will be connected.
WARNING: [BD 41-2384] Width mismatch when connecting pin: '/processing_system7_0/S_AXI_HP0_AWID'(6) to pin: '/axi_mem_intercon/M00_AXI_awid'(2) - Only lower order bits will be connected.
WARNING: [BD 41-2384] Width mismatch when connecting pin: '/processing_system7_0/S_AXI_HP0_ARID'(6) to pin: '/axi_mem_intercon/M00_AXI_arid'(2) - Only lower order bits will be connected.
WARNING: [BD 41-2384] Width mismatch when connecting pin: '/processing_system7_0/S_AXI_HP0_WID'(6) to pin: '/axi_mem_intercon/M00_AXI_wid'(2) - Only lower order bits will be connected.
Verilog Output written to : c:/Users/fawei/Downloads/z20/525743/FPGA/Zynq_musicPlayer_FPGA/Zynq_musicPlayer_FPGA.gen/sources_1/bd/system/sim/system.v
Verilog Output written to : c:/Users/fawei/Downloads/z20/525743/FPGA/Zynq_musicPlayer_FPGA/Zynq_musicPlayer_FPGA.gen/sources_1/bd/system/hdl/system_wrapper.v
generate_target all [get_files  C:/Users/fawei/Downloads/z20/525743/FPGA/Zynq_musicPlayer_FPGA/Zynq_musicPlayer_FPGA.srcs/sources_1/bd/system/system.bd]
INFO: [BD 41-1662] The design 'system.bd' is already validated. Therefore parameter propagation will not be re-run.
Wrote  : <C:/Users/fawei/Downloads/z20/525743/FPGA/Zynq_musicPlayer_FPGA/Zynq_musicPlayer_FPGA.srcs/sources_1/bd/system/ui/bd_c954508f.ui> 
WARNING: [BD 41-2384] Width mismatch when connecting pin: '/axi_mem_intercon/m00_couplers/auto_pc/m_axi_rid'(2) to pin: '/axi_mem_intercon/m00_couplers/M_AXI_rid'(6) - Only lower order bits will be connected.
WARNING: [BD 41-2384] Width mismatch when connecting pin: '/axi_mem_intercon/m00_couplers/auto_pc/m_axi_bid'(2) to pin: '/axi_mem_intercon/m00_couplers/M_AXI_bid'(6) - Only lower order bits will be connected.
WARNING: [BD 41-2384] Width mismatch when connecting pin: '/processing_system7_0/S_AXI_HP0_AWID'(6) to pin: '/axi_mem_intercon/M00_AXI_awid'(2) - Only lower order bits will be connected.
WARNING: [BD 41-2384] Width mismatch when connecting pin: '/processing_system7_0/S_AXI_HP0_ARID'(6) to pin: '/axi_mem_intercon/M00_AXI_arid'(2) - Only lower order bits will be connected.
WARNING: [BD 41-2384] Width mismatch when connecting pin: '/processing_system7_0/S_AXI_HP0_WID'(6) to pin: '/axi_mem_intercon/M00_AXI_wid'(2) - Only lower order bits will be connected.
Verilog Output written to : c:/Users/fawei/Downloads/z20/525743/FPGA/Zynq_musicPlayer_FPGA/Zynq_musicPlayer_FPGA.gen/sources_1/bd/system/synth/system.v
WARNING: [BD 41-2384] Width mismatch when connecting pin: '/axi_mem_intercon/m00_couplers/auto_pc/m_axi_rid'(2) to pin: '/axi_mem_intercon/m00_couplers/M_AXI_rid'(6) - Only lower order bits will be connected.
WARNING: [BD 41-2384] Width mismatch when connecting pin: '/axi_mem_intercon/m00_couplers/auto_pc/m_axi_bid'(2) to pin: '/axi_mem_intercon/m00_couplers/M_AXI_bid'(6) - Only lower order bits will be connected.
WARNING: [BD 41-2384] Width mismatch when connecting pin: '/processing_system7_0/S_AXI_HP0_AWID'(6) to pin: '/axi_mem_intercon/M00_AXI_awid'(2) - Only lower order bits will be connected.
WARNING: [BD 41-2384] Width mismatch when connecting pin: '/processing_system7_0/S_AXI_HP0_ARID'(6) to pin: '/axi_mem_intercon/M00_AXI_arid'(2) - Only lower order bits will be connected.
WARNING: [BD 41-2384] Width mismatch when connecting pin: '/processing_system7_0/S_AXI_HP0_WID'(6) to pin: '/axi_mem_intercon/M00_AXI_wid'(2) - Only lower order bits will be connected.
Verilog Output written to : c:/Users/fawei/Downloads/z20/525743/FPGA/Zynq_musicPlayer_FPGA/Zynq_musicPlayer_FPGA.gen/sources_1/bd/system/sim/system.v
Verilog Output written to : c:/Users/fawei/Downloads/z20/525743/FPGA/Zynq_musicPlayer_FPGA/Zynq_musicPlayer_FPGA.gen/sources_1/bd/system/hdl/system_wrapper.v
WARNING: [IP_Flow 19-4994] Overwriting existing constraint file 'c:/Users/fawei/Downloads/z20/525743/FPGA/Zynq_musicPlayer_FPGA/Zynq_musicPlayer_FPGA.gen/sources_1/bd/system/ip/system_auto_pc_0/system_auto_pc_0_ooc.xdc'
INFO: [BD 41-1029] Generation completed for the IP Integrator block ps7_0_axi_periph/s00_couplers/auto_pc .
WARNING: [IP_Flow 19-4994] Overwriting existing constraint file 'c:/Users/fawei/Downloads/z20/525743/FPGA/Zynq_musicPlayer_FPGA/Zynq_musicPlayer_FPGA.gen/sources_1/bd/system/ip/system_auto_us_0/system_auto_us_0_ooc.xdc'
INFO: [IP_Flow 19-5611] Unable to find an associated reset port for the interface 'S_AXI'. A default connection has been created.
INFO: [IP_Flow 19-5611] Unable to find an associated reset port for the interface 'M_AXI'. A default connection has been created.
INFO: [BD 41-1029] Generation completed for the IP Integrator block axi_mem_intercon/s00_couplers/auto_us .
WARNING: [IP_Flow 19-4994] Overwriting existing constraint file 'c:/Users/fawei/Downloads/z20/525743/FPGA/Zynq_musicPlayer_FPGA/Zynq_musicPlayer_FPGA.gen/sources_1/bd/system/ip/system_auto_us_1/system_auto_us_1_ooc.xdc'
INFO: [IP_Flow 19-5611] Unable to find an associated reset port for the interface 'S_AXI'. A default connection has been created.
INFO: [IP_Flow 19-5611] Unable to find an associated reset port for the interface 'M_AXI'. A default connection has been created.
INFO: [BD 41-1029] Generation completed for the IP Integrator block axi_mem_intercon/s02_couplers/auto_us .
WARNING: [IP_Flow 19-4994] Overwriting existing constraint file 'c:/Users/fawei/Downloads/z20/525743/FPGA/Zynq_musicPlayer_FPGA/Zynq_musicPlayer_FPGA.gen/sources_1/bd/system/ip/system_auto_pc_1/system_auto_pc_1_ooc.xdc'
INFO: [BD 41-1029] Generation completed for the IP Integrator block axi_mem_intercon/m00_couplers/auto_pc .
Exporting to file c:/Users/fawei/Downloads/z20/525743/FPGA/Zynq_musicPlayer_FPGA/Zynq_musicPlayer_FPGA.gen/sources_1/bd/system/hw_handoff/system.hwh
Generated Hardware Definition File c:/Users/fawei/Downloads/z20/525743/FPGA/Zynq_musicPlayer_FPGA/Zynq_musicPlayer_FPGA.gen/sources_1/bd/system/synth/system.hwdef
catch { config_ip_cache -export [get_ips -all system_auto_pc_0] }
INFO: [IP_Flow 19-6924] IPCACHE: Running cache check for IP inst: system_auto_pc_0
INFO: [IP_Flow 19-6922] IPCACHE: Exporting cached entry 5064568df99b21d9 to dir: c:/Users/fawei/Downloads/z20/525743/FPGA/Zynq_musicPlayer_FPGA/Zynq_musicPlayer_FPGA.gen/sources_1/bd/system/ip/system_auto_pc_0
INFO: [IP_Flow 19-6928] IPCACHE: copied cached file c:/Users/fawei/Downloads/z20/525743/FPGA/Zynq_musicPlayer_FPGA/Zynq_musicPlayer_FPGA.cache/ip/2023.1/5/0/5064568df99b21d9/system_auto_pc_0.dcp to c:/Users/fawei/Downloads/z20/525743/FPGA/Zynq_musicPlayer_FPGA/Zynq_musicPlayer_FPGA.gen/sources_1/bd/system/ip/system_auto_pc_0/system_auto_pc_0.dcp.
INFO: [IP_Flow 19-6926] IPCACHE: added file to list for BOM: c:/Users/fawei/Downloads/z20/525743/FPGA/Zynq_musicPlayer_FPGA/Zynq_musicPlayer_FPGA.gen/sources_1/bd/system/ip/system_auto_pc_0/system_auto_pc_0.dcp
INFO: [IP_Flow 19-6928] IPCACHE: copied cached file c:/Users/fawei/Downloads/z20/525743/FPGA/Zynq_musicPlayer_FPGA/Zynq_musicPlayer_FPGA.cache/ip/2023.1/5/0/5064568df99b21d9/system_auto_pc_0_sim_netlist.v to c:/Users/fawei/Downloads/z20/525743/FPGA/Zynq_musicPlayer_FPGA/Zynq_musicPlayer_FPGA.gen/sources_1/bd/system/ip/system_auto_pc_0/system_auto_pc_0_sim_netlist.v.
INFO: [IP_Flow 19-6926] IPCACHE: added file to list for BOM: c:/Users/fawei/Downloads/z20/525743/FPGA/Zynq_musicPlayer_FPGA/Zynq_musicPlayer_FPGA.gen/sources_1/bd/system/ip/system_auto_pc_0/system_auto_pc_0_sim_netlist.v
INFO: [IP_Flow 19-6928] IPCACHE: copied cached file c:/Users/fawei/Downloads/z20/525743/FPGA/Zynq_musicPlayer_FPGA/Zynq_musicPlayer_FPGA.cache/ip/2023.1/5/0/5064568df99b21d9/system_auto_pc_0_sim_netlist.vhdl to c:/Users/fawei/Downloads/z20/525743/FPGA/Zynq_musicPlayer_FPGA/Zynq_musicPlayer_FPGA.gen/sources_1/bd/system/ip/system_auto_pc_0/system_auto_pc_0_sim_netlist.vhdl.
INFO: [IP_Flow 19-6926] IPCACHE: added file to list for BOM: c:/Users/fawei/Downloads/z20/525743/FPGA/Zynq_musicPlayer_FPGA/Zynq_musicPlayer_FPGA.gen/sources_1/bd/system/ip/system_auto_pc_0/system_auto_pc_0_sim_netlist.vhdl
INFO: [IP_Flow 19-6928] IPCACHE: copied cached file c:/Users/fawei/Downloads/z20/525743/FPGA/Zynq_musicPlayer_FPGA/Zynq_musicPlayer_FPGA.cache/ip/2023.1/5/0/5064568df99b21d9/system_auto_pc_0_stub.v to c:/Users/fawei/Downloads/z20/525743/FPGA/Zynq_musicPlayer_FPGA/Zynq_musicPlayer_FPGA.gen/sources_1/bd/system/ip/system_auto_pc_0/system_auto_pc_0_stub.v.
INFO: [IP_Flow 19-6926] IPCACHE: added file to list for BOM: c:/Users/fawei/Downloads/z20/525743/FPGA/Zynq_musicPlayer_FPGA/Zynq_musicPlayer_FPGA.gen/sources_1/bd/system/ip/system_auto_pc_0/system_auto_pc_0_stub.v
INFO: [IP_Flow 19-6928] IPCACHE: copied cached file c:/Users/fawei/Downloads/z20/525743/FPGA/Zynq_musicPlayer_FPGA/Zynq_musicPlayer_FPGA.cache/ip/2023.1/5/0/5064568df99b21d9/system_auto_pc_0_stub.vhdl to c:/Users/fawei/Downloads/z20/525743/FPGA/Zynq_musicPlayer_FPGA/Zynq_musicPlayer_FPGA.gen/sources_1/bd/system/ip/system_auto_pc_0/system_auto_pc_0_stub.vhdl.
INFO: [IP_Flow 19-6926] IPCACHE: added file to list for BOM: c:/Users/fawei/Downloads/z20/525743/FPGA/Zynq_musicPlayer_FPGA/Zynq_musicPlayer_FPGA.gen/sources_1/bd/system/ip/system_auto_pc_0/system_auto_pc_0_stub.vhdl
INFO: [IP_Flow 19-4993] Using cached IP synthesis design for IP system_auto_pc_0, cache-ID = 5064568df99b21d9; cache size = 5.565 MB.
catch { config_ip_cache -export [get_ips -all system_auto_us_0] }
INFO: [IP_Flow 19-6924] IPCACHE: Running cache check for IP inst: system_auto_us_0
INFO: [IP_Flow 19-6922] IPCACHE: Exporting cached entry 440924f1cfb062d3 to dir: c:/Users/fawei/Downloads/z20/525743/FPGA/Zynq_musicPlayer_FPGA/Zynq_musicPlayer_FPGA.gen/sources_1/bd/system/ip/system_auto_us_0
INFO: [IP_Flow 19-6928] IPCACHE: copied cached file c:/Users/fawei/Downloads/z20/525743/FPGA/Zynq_musicPlayer_FPGA/Zynq_musicPlayer_FPGA.cache/ip/2023.1/4/4/440924f1cfb062d3/system_auto_us_0.dcp to c:/Users/fawei/Downloads/z20/525743/FPGA/Zynq_musicPlayer_FPGA/Zynq_musicPlayer_FPGA.gen/sources_1/bd/system/ip/system_auto_us_0/system_auto_us_0.dcp.
INFO: [IP_Flow 19-6926] IPCACHE: added file to list for BOM: c:/Users/fawei/Downloads/z20/525743/FPGA/Zynq_musicPlayer_FPGA/Zynq_musicPlayer_FPGA.gen/sources_1/bd/system/ip/system_auto_us_0/system_auto_us_0.dcp
INFO: [IP_Flow 19-6928] IPCACHE: copied cached file c:/Users/fawei/Downloads/z20/525743/FPGA/Zynq_musicPlayer_FPGA/Zynq_musicPlayer_FPGA.cache/ip/2023.1/4/4/440924f1cfb062d3/system_auto_us_0_sim_netlist.v to c:/Users/fawei/Downloads/z20/525743/FPGA/Zynq_musicPlayer_FPGA/Zynq_musicPlayer_FPGA.gen/sources_1/bd/system/ip/system_auto_us_0/system_auto_us_0_sim_netlist.v.
INFO: [IP_Flow 19-6926] IPCACHE: added file to list for BOM: c:/Users/fawei/Downloads/z20/525743/FPGA/Zynq_musicPlayer_FPGA/Zynq_musicPlayer_FPGA.gen/sources_1/bd/system/ip/system_auto_us_0/system_auto_us_0_sim_netlist.v
INFO: [IP_Flow 19-6928] IPCACHE: copied cached file c:/Users/fawei/Downloads/z20/525743/FPGA/Zynq_musicPlayer_FPGA/Zynq_musicPlayer_FPGA.cache/ip/2023.1/4/4/440924f1cfb062d3/system_auto_us_0_sim_netlist.vhdl to c:/Users/fawei/Downloads/z20/525743/FPGA/Zynq_musicPlayer_FPGA/Zynq_musicPlayer_FPGA.gen/sources_1/bd/system/ip/system_auto_us_0/system_auto_us_0_sim_netlist.vhdl.
INFO: [IP_Flow 19-6926] IPCACHE: added file to list for BOM: c:/Users/fawei/Downloads/z20/525743/FPGA/Zynq_musicPlayer_FPGA/Zynq_musicPlayer_FPGA.gen/sources_1/bd/system/ip/system_auto_us_0/system_auto_us_0_sim_netlist.vhdl
INFO: [IP_Flow 19-6928] IPCACHE: copied cached file c:/Users/fawei/Downloads/z20/525743/FPGA/Zynq_musicPlayer_FPGA/Zynq_musicPlayer_FPGA.cache/ip/2023.1/4/4/440924f1cfb062d3/system_auto_us_0_stub.v to c:/Users/fawei/Downloads/z20/525743/FPGA/Zynq_musicPlayer_FPGA/Zynq_musicPlayer_FPGA.gen/sources_1/bd/system/ip/system_auto_us_0/system_auto_us_0_stub.v.
INFO: [IP_Flow 19-6926] IPCACHE: added file to list for BOM: c:/Users/fawei/Downloads/z20/525743/FPGA/Zynq_musicPlayer_FPGA/Zynq_musicPlayer_FPGA.gen/sources_1/bd/system/ip/system_auto_us_0/system_auto_us_0_stub.v
INFO: [IP_Flow 19-6928] IPCACHE: copied cached file c:/Users/fawei/Downloads/z20/525743/FPGA/Zynq_musicPlayer_FPGA/Zynq_musicPlayer_FPGA.cache/ip/2023.1/4/4/440924f1cfb062d3/system_auto_us_0_stub.vhdl to c:/Users/fawei/Downloads/z20/525743/FPGA/Zynq_musicPlayer_FPGA/Zynq_musicPlayer_FPGA.gen/sources_1/bd/system/ip/system_auto_us_0/system_auto_us_0_stub.vhdl.
INFO: [IP_Flow 19-6926] IPCACHE: added file to list for BOM: c:/Users/fawei/Downloads/z20/525743/FPGA/Zynq_musicPlayer_FPGA/Zynq_musicPlayer_FPGA.gen/sources_1/bd/system/ip/system_auto_us_0/system_auto_us_0_stub.vhdl
INFO: [IP_Flow 19-4993] Using cached IP synthesis design for IP system_auto_us_0, cache-ID = 440924f1cfb062d3; cache size = 5.565 MB.
catch { config_ip_cache -export [get_ips -all system_auto_us_1] }
INFO: [IP_Flow 19-6924] IPCACHE: Running cache check for IP inst: system_auto_us_1
INFO: [IP_Flow 19-6922] IPCACHE: Exporting cached entry 39a19de5209b845d to dir: c:/Users/fawei/Downloads/z20/525743/FPGA/Zynq_musicPlayer_FPGA/Zynq_musicPlayer_FPGA.gen/sources_1/bd/system/ip/system_auto_us_1
INFO: [IP_Flow 19-6928] IPCACHE: copied cached file c:/Users/fawei/Downloads/z20/525743/FPGA/Zynq_musicPlayer_FPGA/Zynq_musicPlayer_FPGA.cache/ip/2023.1/3/9/39a19de5209b845d/system_auto_us_1.dcp to c:/Users/fawei/Downloads/z20/525743/FPGA/Zynq_musicPlayer_FPGA/Zynq_musicPlayer_FPGA.gen/sources_1/bd/system/ip/system_auto_us_1/system_auto_us_1.dcp.
INFO: [IP_Flow 19-6926] IPCACHE: added file to list for BOM: c:/Users/fawei/Downloads/z20/525743/FPGA/Zynq_musicPlayer_FPGA/Zynq_musicPlayer_FPGA.gen/sources_1/bd/system/ip/system_auto_us_1/system_auto_us_1.dcp
INFO: [IP_Flow 19-6928] IPCACHE: copied cached file c:/Users/fawei/Downloads/z20/525743/FPGA/Zynq_musicPlayer_FPGA/Zynq_musicPlayer_FPGA.cache/ip/2023.1/3/9/39a19de5209b845d/system_auto_us_1_sim_netlist.v to c:/Users/fawei/Downloads/z20/525743/FPGA/Zynq_musicPlayer_FPGA/Zynq_musicPlayer_FPGA.gen/sources_1/bd/system/ip/system_auto_us_1/system_auto_us_1_sim_netlist.v.
INFO: [IP_Flow 19-6926] IPCACHE: added file to list for BOM: c:/Users/fawei/Downloads/z20/525743/FPGA/Zynq_musicPlayer_FPGA/Zynq_musicPlayer_FPGA.gen/sources_1/bd/system/ip/system_auto_us_1/system_auto_us_1_sim_netlist.v
INFO: [IP_Flow 19-6928] IPCACHE: copied cached file c:/Users/fawei/Downloads/z20/525743/FPGA/Zynq_musicPlayer_FPGA/Zynq_musicPlayer_FPGA.cache/ip/2023.1/3/9/39a19de5209b845d/system_auto_us_1_sim_netlist.vhdl to c:/Users/fawei/Downloads/z20/525743/FPGA/Zynq_musicPlayer_FPGA/Zynq_musicPlayer_FPGA.gen/sources_1/bd/system/ip/system_auto_us_1/system_auto_us_1_sim_netlist.vhdl.
INFO: [IP_Flow 19-6926] IPCACHE: added file to list for BOM: c:/Users/fawei/Downloads/z20/525743/FPGA/Zynq_musicPlayer_FPGA/Zynq_musicPlayer_FPGA.gen/sources_1/bd/system/ip/system_auto_us_1/system_auto_us_1_sim_netlist.vhdl
INFO: [IP_Flow 19-6928] IPCACHE: copied cached file c:/Users/fawei/Downloads/z20/525743/FPGA/Zynq_musicPlayer_FPGA/Zynq_musicPlayer_FPGA.cache/ip/2023.1/3/9/39a19de5209b845d/system_auto_us_1_stub.v to c:/Users/fawei/Downloads/z20/525743/FPGA/Zynq_musicPlayer_FPGA/Zynq_musicPlayer_FPGA.gen/sources_1/bd/system/ip/system_auto_us_1/system_auto_us_1_stub.v.
INFO: [IP_Flow 19-6926] IPCACHE: added file to list for BOM: c:/Users/fawei/Downloads/z20/525743/FPGA/Zynq_musicPlayer_FPGA/Zynq_musicPlayer_FPGA.gen/sources_1/bd/system/ip/system_auto_us_1/system_auto_us_1_stub.v
INFO: [IP_Flow 19-6928] IPCACHE: copied cached file c:/Users/fawei/Downloads/z20/525743/FPGA/Zynq_musicPlayer_FPGA/Zynq_musicPlayer_FPGA.cache/ip/2023.1/3/9/39a19de5209b845d/system_auto_us_1_stub.vhdl to c:/Users/fawei/Downloads/z20/525743/FPGA/Zynq_musicPlayer_FPGA/Zynq_musicPlayer_FPGA.gen/sources_1/bd/system/ip/system_auto_us_1/system_auto_us_1_stub.vhdl.
INFO: [IP_Flow 19-6926] IPCACHE: added file to list for BOM: c:/Users/fawei/Downloads/z20/525743/FPGA/Zynq_musicPlayer_FPGA/Zynq_musicPlayer_FPGA.gen/sources_1/bd/system/ip/system_auto_us_1/system_auto_us_1_stub.vhdl
INFO: [IP_Flow 19-4993] Using cached IP synthesis design for IP system_auto_us_1, cache-ID = 39a19de5209b845d; cache size = 5.565 MB.
catch { config_ip_cache -export [get_ips -all system_auto_pc_1] }
INFO: [IP_Flow 19-6924] IPCACHE: Running cache check for IP inst: system_auto_pc_1
INFO: [IP_Flow 19-6922] IPCACHE: Exporting cached entry c569af52db296f24 to dir: c:/Users/fawei/Downloads/z20/525743/FPGA/Zynq_musicPlayer_FPGA/Zynq_musicPlayer_FPGA.gen/sources_1/bd/system/ip/system_auto_pc_1
INFO: [IP_Flow 19-6928] IPCACHE: copied cached file c:/Users/fawei/Downloads/z20/525743/FPGA/Zynq_musicPlayer_FPGA/Zynq_musicPlayer_FPGA.cache/ip/2023.1/c/5/c569af52db296f24/system_auto_pc_1.dcp to c:/Users/fawei/Downloads/z20/525743/FPGA/Zynq_musicPlayer_FPGA/Zynq_musicPlayer_FPGA.gen/sources_1/bd/system/ip/system_auto_pc_1/system_auto_pc_1.dcp.
INFO: [IP_Flow 19-6926] IPCACHE: added file to list for BOM: c:/Users/fawei/Downloads/z20/525743/FPGA/Zynq_musicPlayer_FPGA/Zynq_musicPlayer_FPGA.gen/sources_1/bd/system/ip/system_auto_pc_1/system_auto_pc_1.dcp
INFO: [IP_Flow 19-6928] IPCACHE: copied cached file c:/Users/fawei/Downloads/z20/525743/FPGA/Zynq_musicPlayer_FPGA/Zynq_musicPlayer_FPGA.cache/ip/2023.1/c/5/c569af52db296f24/system_auto_pc_1_sim_netlist.v to c:/Users/fawei/Downloads/z20/525743/FPGA/Zynq_musicPlayer_FPGA/Zynq_musicPlayer_FPGA.gen/sources_1/bd/system/ip/system_auto_pc_1/system_auto_pc_1_sim_netlist.v.
INFO: [IP_Flow 19-6926] IPCACHE: added file to list for BOM: c:/Users/fawei/Downloads/z20/525743/FPGA/Zynq_musicPlayer_FPGA/Zynq_musicPlayer_FPGA.gen/sources_1/bd/system/ip/system_auto_pc_1/system_auto_pc_1_sim_netlist.v
INFO: [IP_Flow 19-6928] IPCACHE: copied cached file c:/Users/fawei/Downloads/z20/525743/FPGA/Zynq_musicPlayer_FPGA/Zynq_musicPlayer_FPGA.cache/ip/2023.1/c/5/c569af52db296f24/system_auto_pc_1_sim_netlist.vhdl to c:/Users/fawei/Downloads/z20/525743/FPGA/Zynq_musicPlayer_FPGA/Zynq_musicPlayer_FPGA.gen/sources_1/bd/system/ip/system_auto_pc_1/system_auto_pc_1_sim_netlist.vhdl.
INFO: [IP_Flow 19-6926] IPCACHE: added file to list for BOM: c:/Users/fawei/Downloads/z20/525743/FPGA/Zynq_musicPlayer_FPGA/Zynq_musicPlayer_FPGA.gen/sources_1/bd/system/ip/system_auto_pc_1/system_auto_pc_1_sim_netlist.vhdl
INFO: [IP_Flow 19-6928] IPCACHE: copied cached file c:/Users/fawei/Downloads/z20/525743/FPGA/Zynq_musicPlayer_FPGA/Zynq_musicPlayer_FPGA.cache/ip/2023.1/c/5/c569af52db296f24/system_auto_pc_1_stub.v to c:/Users/fawei/Downloads/z20/525743/FPGA/Zynq_musicPlayer_FPGA/Zynq_musicPlayer_FPGA.gen/sources_1/bd/system/ip/system_auto_pc_1/system_auto_pc_1_stub.v.
INFO: [IP_Flow 19-6926] IPCACHE: added file to list for BOM: c:/Users/fawei/Downloads/z20/525743/FPGA/Zynq_musicPlayer_FPGA/Zynq_musicPlayer_FPGA.gen/sources_1/bd/system/ip/system_auto_pc_1/system_auto_pc_1_stub.v
INFO: [IP_Flow 19-6928] IPCACHE: copied cached file c:/Users/fawei/Downloads/z20/525743/FPGA/Zynq_musicPlayer_FPGA/Zynq_musicPlayer_FPGA.cache/ip/2023.1/c/5/c569af52db296f24/system_auto_pc_1_stub.vhdl to c:/Users/fawei/Downloads/z20/525743/FPGA/Zynq_musicPlayer_FPGA/Zynq_musicPlayer_FPGA.gen/sources_1/bd/system/ip/system_auto_pc_1/system_auto_pc_1_stub.vhdl.
INFO: [IP_Flow 19-6926] IPCACHE: added file to list for BOM: c:/Users/fawei/Downloads/z20/525743/FPGA/Zynq_musicPlayer_FPGA/Zynq_musicPlayer_FPGA.gen/sources_1/bd/system/ip/system_auto_pc_1/system_auto_pc_1_stub.vhdl
INFO: [IP_Flow 19-4993] Using cached IP synthesis design for IP system_auto_pc_1, cache-ID = c569af52db296f24; cache size = 5.565 MB.
export_ip_user_files -of_objects [get_files C:/Users/fawei/Downloads/z20/525743/FPGA/Zynq_musicPlayer_FPGA/Zynq_musicPlayer_FPGA.srcs/sources_1/bd/system/system.bd] -no_script -sync -force -quiet
create_ip_run [get_files -of_objects [get_fileset sources_1] C:/Users/fawei/Downloads/z20/525743/FPGA/Zynq_musicPlayer_FPGA/Zynq_musicPlayer_FPGA.srcs/sources_1/bd/system/system.bd]
export_simulation -of_objects [get_files C:/Users/fawei/Downloads/z20/525743/FPGA/Zynq_musicPlayer_FPGA/Zynq_musicPlayer_FPGA.srcs/sources_1/bd/system/system.bd] -directory C:/Users/fawei/Downloads/z20/525743/FPGA/Zynq_musicPlayer_FPGA/Zynq_musicPlayer_FPGA.ip_user_files/sim_scripts -ip_user_files_dir C:/Users/fawei/Downloads/z20/525743/FPGA/Zynq_musicPlayer_FPGA/Zynq_musicPlayer_FPGA.ip_user_files -ipstatic_source_dir C:/Users/fawei/Downloads/z20/525743/FPGA/Zynq_musicPlayer_FPGA/Zynq_musicPlayer_FPGA.ip_user_files/ipstatic -lib_map_path [list {modelsim=C:/Users/fawei/Downloads/z20/525743/FPGA/Zynq_musicPlayer_FPGA/Zynq_musicPlayer_FPGA.cache/compile_simlib/modelsim} {questa=C:/Users/fawei/Downloads/z20/525743/FPGA/Zynq_musicPlayer_FPGA/Zynq_musicPlayer_FPGA.cache/compile_simlib/questa} {riviera=C:/Users/fawei/Downloads/z20/525743/FPGA/Zynq_musicPlayer_FPGA/Zynq_musicPlayer_FPGA.cache/compile_simlib/riviera} {activehdl=C:/Users/fawei/Downloads/z20/525743/FPGA/Zynq_musicPlayer_FPGA/Zynq_musicPlayer_FPGA.cache/compile_simlib/activehdl}] -use_ip_compiled_libs -force -quiet
reset_run synth_1
launch_runs impl_1 -to_step write_bitstream -jobs 20
[Wed Apr  8 12:22:24 2026] Launched synth_1...
Run output will be captured here: C:/Users/fawei/Downloads/z20/525743/FPGA/Zynq_musicPlayer_FPGA/Zynq_musicPlayer_FPGA.runs/synth_1/runme.log
[Wed Apr  8 12:22:24 2026] Launched impl_1...
Run output will be captured here: C:/Users/fawei/Downloads/z20/525743/FPGA/Zynq_musicPlayer_FPGA/Zynq_musicPlayer_FPGA.runs/impl_1/runme.log
write_hw_platform -fixed -include_bit -force -file C:/Users/fawei/Downloads/z20/525743/FPGA/Zynq_musicPlayer_FPGA/system_wrapper.xsa
INFO: [Project 1-1918] Creating Hardware Platform: C:/Users/fawei/Downloads/z20/525743/FPGA/Zynq_musicPlayer_FPGA/system_wrapper.xsa ...
INFO: [Project 1-1943] The Hardware Platform can be used for Hardware
INFO: [Project 1-1941] Successfully created Hardware Platform: C:/Users/fawei/Downloads/z20/525743/FPGA/Zynq_musicPlayer_FPGA/system_wrapper.xsa
exit
INFO: [Common 17-206] Exiting Vivado at Wed Apr  8 12:31:05 2026...
