10:58:04 DEBUG : Logs will be stored at 'C:/Users/fawei/Downloads/z20/525743/FPGA/Zynq_musicPlayer_FPGA/vitis/IDE.log'.
10:58:10 INFO  : Registering command handlers for Vitis TCF services
10:58:10 INFO  : Launching XSCT server: xsct.bat -n  -interactive C:\Users\fawei\Downloads\z20\525743\FPGA\Zynq_musicPlayer_FPGA\vitis\temp_xsdb_launch_script.tcl
10:58:11 INFO  : Platform repository initialization has completed.
10:58:12 INFO  : XSCT server has started successfully.
10:58:12 INFO  : plnx-install-location is set to ''
10:58:12 INFO  : Successfully done setting XSCT server connection channel  
10:58:12 INFO  : Successfully done query RDI_DATADIR 
10:58:12 INFO  : Successfully done setting workspace for the tool. 
10:59:17 INFO  : Result from executing command 'getProjects': system_wrapper
10:59:17 INFO  : Result from executing command 'getPlatforms': xilinx_vck190_base_202310_1|D:/app/Xilinx/Vitis/2023.1/base_platforms/xilinx_vck190_base_202310_1/xilinx_vck190_base_202310_1.xpfm;xilinx_vck190_base_dfx_202310_1|D:/app/Xilinx/Vitis/2023.1/base_platforms/xilinx_vck190_base_dfx_202310_1/xilinx_vck190_base_dfx_202310_1.xpfm;xilinx_vek280_es1_base_202310_1|D:/app/Xilinx/Vitis/2023.1/base_platforms/xilinx_vek280_es1_base_202310_1/xilinx_vek280_es1_base_202310_1.xpfm;xilinx_vmk180_base_202310_1|D:/app/Xilinx/Vitis/2023.1/base_platforms/xilinx_vmk180_base_202310_1/xilinx_vmk180_base_202310_1.xpfm;xilinx_zcu102_base_202310_1|D:/app/Xilinx/Vitis/2023.1/base_platforms/xilinx_zcu102_base_202310_1/xilinx_zcu102_base_202310_1.xpfm;xilinx_zcu102_base_dfx_202310_1|D:/app/Xilinx/Vitis/2023.1/base_platforms/xilinx_zcu102_base_dfx_202310_1/xilinx_zcu102_base_dfx_202310_1.xpfm;xilinx_zcu104_base_202310_1|D:/app/Xilinx/Vitis/2023.1/base_platforms/xilinx_zcu104_base_202310_1/xilinx_zcu104_base_202310_1.xpfm
10:59:18 WARN  : An unexpected exception occurred in the module 'platform project logging'
10:59:19 INFO  : Platform 'system_wrapper' is added to custom repositories.
10:59:25 INFO  : Platform 'system_wrapper' is added to custom repositories.
11:01:22 INFO  : Result from executing command 'getProjects': system_wrapper
11:01:22 INFO  : Result from executing command 'getPlatforms': system_wrapper|C:/Users/fawei/Downloads/z20/525743/FPGA/Zynq_musicPlayer_FPGA/vitis/system_wrapper/export/system_wrapper/system_wrapper.xpfm;xilinx_vck190_base_202310_1|D:/app/Xilinx/Vitis/2023.1/base_platforms/xilinx_vck190_base_202310_1/xilinx_vck190_base_202310_1.xpfm;xilinx_vck190_base_dfx_202310_1|D:/app/Xilinx/Vitis/2023.1/base_platforms/xilinx_vck190_base_dfx_202310_1/xilinx_vck190_base_dfx_202310_1.xpfm;xilinx_vek280_es1_base_202310_1|D:/app/Xilinx/Vitis/2023.1/base_platforms/xilinx_vek280_es1_base_202310_1/xilinx_vek280_es1_base_202310_1.xpfm;xilinx_vmk180_base_202310_1|D:/app/Xilinx/Vitis/2023.1/base_platforms/xilinx_vmk180_base_202310_1/xilinx_vmk180_base_202310_1.xpfm;xilinx_zcu102_base_202310_1|D:/app/Xilinx/Vitis/2023.1/base_platforms/xilinx_zcu102_base_202310_1/xilinx_zcu102_base_202310_1.xpfm;xilinx_zcu102_base_dfx_202310_1|D:/app/Xilinx/Vitis/2023.1/base_platforms/xilinx_zcu102_base_dfx_202310_1/xilinx_zcu102_base_dfx_202310_1.xpfm;xilinx_zcu104_base_202310_1|D:/app/Xilinx/Vitis/2023.1/base_platforms/xilinx_zcu104_base_202310_1/xilinx_zcu104_base_202310_1.xpfm
11:01:23 INFO  : Checking for BSP changes to sync application flags for project 'Zynq_musicPlayer_vitis'...
11:02:36 INFO  : No changes in MSS file content so sources will not be generated.
11:02:56 INFO  : No changes in MSS file content so sources will not be generated.
11:05:54 INFO  : No changes in MSS file content so sources will not be generated.
11:06:00 INFO  : Result from executing command 'removePlatformRepo': 
11:06:18 ERROR : Error from executing command 'removePlatformRepo': ERROR: No valid directory exists at given path.
11:06:38 INFO  : Result from executing command 'getProjects': system_wrapper
11:06:38 INFO  : Result from executing command 'getPlatforms': xilinx_vck190_base_202310_1|D:/app/Xilinx/Vitis/2023.1/base_platforms/xilinx_vck190_base_202310_1/xilinx_vck190_base_202310_1.xpfm;xilinx_vck190_base_dfx_202310_1|D:/app/Xilinx/Vitis/2023.1/base_platforms/xilinx_vck190_base_dfx_202310_1/xilinx_vck190_base_dfx_202310_1.xpfm;xilinx_vek280_es1_base_202310_1|D:/app/Xilinx/Vitis/2023.1/base_platforms/xilinx_vek280_es1_base_202310_1/xilinx_vek280_es1_base_202310_1.xpfm;xilinx_vmk180_base_202310_1|D:/app/Xilinx/Vitis/2023.1/base_platforms/xilinx_vmk180_base_202310_1/xilinx_vmk180_base_202310_1.xpfm;xilinx_zcu102_base_202310_1|D:/app/Xilinx/Vitis/2023.1/base_platforms/xilinx_zcu102_base_202310_1/xilinx_zcu102_base_202310_1.xpfm;xilinx_zcu102_base_dfx_202310_1|D:/app/Xilinx/Vitis/2023.1/base_platforms/xilinx_zcu102_base_dfx_202310_1/xilinx_zcu102_base_dfx_202310_1.xpfm;xilinx_zcu104_base_202310_1|D:/app/Xilinx/Vitis/2023.1/base_platforms/xilinx_zcu104_base_202310_1/xilinx_zcu104_base_202310_1.xpfm
11:07:09 INFO  : Checking for BSP changes to sync application flags for project 'Zynq_musicPlayer_vitis'...
11:07:09 INFO  : Updating application flags with new BSP settings...
11:07:09 INFO  : Successfully updated application flags for project Zynq_musicPlayer_vitis.
11:09:34 INFO  : Result from executing command 'removePlatformRepo': 
11:09:52 INFO  : Result from executing command 'getProjects': system_wrapper
11:09:52 INFO  : Result from executing command 'getPlatforms': xilinx_vck190_base_202310_1|D:/app/Xilinx/Vitis/2023.1/base_platforms/xilinx_vck190_base_202310_1/xilinx_vck190_base_202310_1.xpfm;xilinx_vck190_base_dfx_202310_1|D:/app/Xilinx/Vitis/2023.1/base_platforms/xilinx_vck190_base_dfx_202310_1/xilinx_vck190_base_dfx_202310_1.xpfm;xilinx_vek280_es1_base_202310_1|D:/app/Xilinx/Vitis/2023.1/base_platforms/xilinx_vek280_es1_base_202310_1/xilinx_vek280_es1_base_202310_1.xpfm;xilinx_vmk180_base_202310_1|D:/app/Xilinx/Vitis/2023.1/base_platforms/xilinx_vmk180_base_202310_1/xilinx_vmk180_base_202310_1.xpfm;xilinx_zcu102_base_202310_1|D:/app/Xilinx/Vitis/2023.1/base_platforms/xilinx_zcu102_base_202310_1/xilinx_zcu102_base_202310_1.xpfm;xilinx_zcu102_base_dfx_202310_1|D:/app/Xilinx/Vitis/2023.1/base_platforms/xilinx_zcu102_base_dfx_202310_1/xilinx_zcu102_base_dfx_202310_1.xpfm;xilinx_zcu104_base_202310_1|D:/app/Xilinx/Vitis/2023.1/base_platforms/xilinx_zcu104_base_202310_1/xilinx_zcu104_base_202310_1.xpfm
11:09:53 INFO  : Checking for BSP changes to sync application flags for project 'Zynq_musicPlayer_vitis'...
11:12:13 INFO  : Result from executing command 'removePlatformRepo': 
11:12:39 INFO  : Result from executing command 'getProjects': system_wrapper
11:12:39 INFO  : Result from executing command 'getPlatforms': xilinx_vck190_base_202310_1|D:/app/Xilinx/Vitis/2023.1/base_platforms/xilinx_vck190_base_202310_1/xilinx_vck190_base_202310_1.xpfm;xilinx_vck190_base_dfx_202310_1|D:/app/Xilinx/Vitis/2023.1/base_platforms/xilinx_vck190_base_dfx_202310_1/xilinx_vck190_base_dfx_202310_1.xpfm;xilinx_vek280_es1_base_202310_1|D:/app/Xilinx/Vitis/2023.1/base_platforms/xilinx_vek280_es1_base_202310_1/xilinx_vek280_es1_base_202310_1.xpfm;xilinx_vmk180_base_202310_1|D:/app/Xilinx/Vitis/2023.1/base_platforms/xilinx_vmk180_base_202310_1/xilinx_vmk180_base_202310_1.xpfm;xilinx_zcu102_base_202310_1|D:/app/Xilinx/Vitis/2023.1/base_platforms/xilinx_zcu102_base_202310_1/xilinx_zcu102_base_202310_1.xpfm;xilinx_zcu102_base_dfx_202310_1|D:/app/Xilinx/Vitis/2023.1/base_platforms/xilinx_zcu102_base_dfx_202310_1/xilinx_zcu102_base_dfx_202310_1.xpfm;xilinx_zcu104_base_202310_1|D:/app/Xilinx/Vitis/2023.1/base_platforms/xilinx_zcu104_base_202310_1/xilinx_zcu104_base_202310_1.xpfm
11:12:40 INFO  : Checking for BSP changes to sync application flags for project 'Zynq_musicPlayer_vitis'...
11:13:59 INFO  : Checking for BSP changes to sync application flags for project 'Zynq_musicPlayer_vitis'...
11:14:04 INFO  : Result from executing command 'removePlatformRepo': 
11:14:23 INFO  : Result from executing command 'getProjects': system_wrapper
11:14:23 INFO  : Result from executing command 'getPlatforms': xilinx_vck190_base_202310_1|D:/app/Xilinx/Vitis/2023.1/base_platforms/xilinx_vck190_base_202310_1/xilinx_vck190_base_202310_1.xpfm;xilinx_vck190_base_dfx_202310_1|D:/app/Xilinx/Vitis/2023.1/base_platforms/xilinx_vck190_base_dfx_202310_1/xilinx_vck190_base_dfx_202310_1.xpfm;xilinx_vek280_es1_base_202310_1|D:/app/Xilinx/Vitis/2023.1/base_platforms/xilinx_vek280_es1_base_202310_1/xilinx_vek280_es1_base_202310_1.xpfm;xilinx_vmk180_base_202310_1|D:/app/Xilinx/Vitis/2023.1/base_platforms/xilinx_vmk180_base_202310_1/xilinx_vmk180_base_202310_1.xpfm;xilinx_zcu102_base_202310_1|D:/app/Xilinx/Vitis/2023.1/base_platforms/xilinx_zcu102_base_202310_1/xilinx_zcu102_base_202310_1.xpfm;xilinx_zcu102_base_dfx_202310_1|D:/app/Xilinx/Vitis/2023.1/base_platforms/xilinx_zcu102_base_dfx_202310_1/xilinx_zcu102_base_dfx_202310_1.xpfm;xilinx_zcu104_base_202310_1|D:/app/Xilinx/Vitis/2023.1/base_platforms/xilinx_zcu104_base_202310_1/xilinx_zcu104_base_202310_1.xpfm
11:14:24 INFO  : Checking for BSP changes to sync application flags for project 'Zynq_musicPlayer_vitis'...
11:16:46 INFO  : Connected to target on host '127.0.0.1' and port '3121'.
11:16:46 INFO  : Jtag cable 'Digilent JTAG-HS1 210512180081' is selected.
11:16:46 INFO  : 'jtag frequency' command is executed.
11:16:46 INFO  : Context for 'APU' is selected.
11:16:47 INFO  : System reset is completed.
11:16:50 INFO  : 'after 3000' command is executed.
11:16:50 INFO  : 'targets -set -filter {jtag_cable_name =~ "Digilent JTAG-HS1 210512180081" && level==0 && jtag_device_ctx=="jsn-JTAG-HS1-210512180081-23727093-0"}' command is executed.
11:16:53 INFO  : Device configured successfully with "C:/Users/fawei/Downloads/z20/525743/FPGA/Zynq_musicPlayer_FPGA/vitis/Zynq_musicPlayer_vitis/_ide/bitstream/system_wrapper.bit"
11:16:53 INFO  : Context for 'APU' is selected.
11:16:53 INFO  : Hardware design and registers information is loaded from 'C:/Users/fawei/Downloads/z20/525743/FPGA/Zynq_musicPlayer_FPGA/vitis/system_wrapper/export/system_wrapper/hw/system_wrapper.xsa'.
11:16:53 INFO  : 'configparams force-mem-access 1' command is executed.
11:16:53 INFO  : Context for 'APU' is selected.
11:16:53 INFO  : Sourcing of 'C:/Users/fawei/Downloads/z20/525743/FPGA/Zynq_musicPlayer_FPGA/vitis/Zynq_musicPlayer_vitis/_ide/psinit/ps7_init.tcl' is done.
11:16:53 INFO  : 'ps7_init' command is executed.
11:16:53 INFO  : 'ps7_post_config' command is executed.
11:16:53 INFO  : Context for processor 'ps7_cortexa9_0' is selected.
11:16:54 INFO  : The application 'C:/Users/fawei/Downloads/z20/525743/FPGA/Zynq_musicPlayer_FPGA/vitis/Zynq_musicPlayer_vitis/Debug/Zynq_musicPlayer_vitis.elf' is downloaded to processor 'ps7_cortexa9_0'.
11:16:54 INFO  : 'configparams force-mem-access 0' command is executed.
11:16:54 INFO  : ----------------XSDB Script----------------
connect -url tcp:127.0.0.1:3121
targets -set -nocase -filter {name =~"APU*"}
rst -system
after 3000
targets -set -filter {jtag_cable_name =~ "Digilent JTAG-HS1 210512180081" && level==0 && jtag_device_ctx=="jsn-JTAG-HS1-210512180081-23727093-0"}
fpga -file C:/Users/fawei/Downloads/z20/525743/FPGA/Zynq_musicPlayer_FPGA/vitis/Zynq_musicPlayer_vitis/_ide/bitstream/system_wrapper.bit
targets -set -nocase -filter {name =~"APU*"}
loadhw -hw C:/Users/fawei/Downloads/z20/525743/FPGA/Zynq_musicPlayer_FPGA/vitis/system_wrapper/export/system_wrapper/hw/system_wrapper.xsa -mem-ranges [list {0x40000000 0xbfffffff}] -regs
configparams force-mem-access 1
targets -set -nocase -filter {name =~"APU*"}
source C:/Users/fawei/Downloads/z20/525743/FPGA/Zynq_musicPlayer_FPGA/vitis/Zynq_musicPlayer_vitis/_ide/psinit/ps7_init.tcl
ps7_init
ps7_post_config
targets -set -nocase -filter {name =~ "*A9*#0"}
dow C:/Users/fawei/Downloads/z20/525743/FPGA/Zynq_musicPlayer_FPGA/vitis/Zynq_musicPlayer_vitis/Debug/Zynq_musicPlayer_vitis.elf
configparams force-mem-access 0
----------------End of Script----------------

11:16:54 INFO  : Context for processor 'ps7_cortexa9_0' is selected.
11:16:54 INFO  : 'con' command is executed.
11:16:54 INFO  : ----------------XSDB Script (After Launch)----------------
targets -set -nocase -filter {name =~ "*A9*#0"}
con
----------------End of Script----------------

11:16:54 INFO  : Launch script is exported to file 'C:\Users\fawei\Downloads\z20\525743\FPGA\Zynq_musicPlayer_FPGA\vitis\Zynq_musicPlayer_vitis_system\_ide\scripts\systemdebugger_zynq_musicplayer_vitis_system_standalone.tcl'
11:17:44 INFO  : Disconnected from the channel tcfchan#12.
11:17:44 INFO  : Connected to target on host '127.0.0.1' and port '3121'.
11:17:44 INFO  : Jtag cable 'Digilent JTAG-HS1 210512180081' is selected.
11:17:44 INFO  : 'jtag frequency' command is executed.
11:17:44 INFO  : Context for 'APU' is selected.
11:17:44 INFO  : System reset is completed.
11:17:47 INFO  : 'after 3000' command is executed.
11:17:47 INFO  : 'targets -set -filter {jtag_cable_name =~ "Digilent JTAG-HS1 210512180081" && level==0 && jtag_device_ctx=="jsn-JTAG-HS1-210512180081-23727093-0"}' command is executed.
11:17:51 INFO  : Device configured successfully with "C:/Users/fawei/Downloads/z20/525743/FPGA/Zynq_musicPlayer_FPGA/vitis/Zynq_musicPlayer_vitis/_ide/bitstream/system_wrapper.bit"
11:17:51 INFO  : Context for 'APU' is selected.
11:17:51 INFO  : Hardware design and registers information is loaded from 'C:/Users/fawei/Downloads/z20/525743/FPGA/Zynq_musicPlayer_FPGA/vitis/system_wrapper/export/system_wrapper/hw/system_wrapper.xsa'.
11:17:51 INFO  : 'configparams force-mem-access 1' command is executed.
11:17:51 INFO  : Context for 'APU' is selected.
11:17:51 INFO  : Sourcing of 'C:/Users/fawei/Downloads/z20/525743/FPGA/Zynq_musicPlayer_FPGA/vitis/Zynq_musicPlayer_vitis/_ide/psinit/ps7_init.tcl' is done.
11:17:51 INFO  : 'ps7_init' command is executed.
11:17:51 INFO  : 'ps7_post_config' command is executed.
11:17:51 INFO  : Context for processor 'ps7_cortexa9_0' is selected.
11:17:52 INFO  : The application 'C:/Users/fawei/Downloads/z20/525743/FPGA/Zynq_musicPlayer_FPGA/vitis/Zynq_musicPlayer_vitis/Debug/Zynq_musicPlayer_vitis.elf' is downloaded to processor 'ps7_cortexa9_0'.
11:17:52 INFO  : 'configparams force-mem-access 0' command is executed.
11:17:52 INFO  : ----------------XSDB Script----------------
connect -url tcp:127.0.0.1:3121
targets -set -nocase -filter {name =~"APU*"}
rst -system
after 3000
targets -set -filter {jtag_cable_name =~ "Digilent JTAG-HS1 210512180081" && level==0 && jtag_device_ctx=="jsn-JTAG-HS1-210512180081-23727093-0"}
fpga -file C:/Users/fawei/Downloads/z20/525743/FPGA/Zynq_musicPlayer_FPGA/vitis/Zynq_musicPlayer_vitis/_ide/bitstream/system_wrapper.bit
targets -set -nocase -filter {name =~"APU*"}
loadhw -hw C:/Users/fawei/Downloads/z20/525743/FPGA/Zynq_musicPlayer_FPGA/vitis/system_wrapper/export/system_wrapper/hw/system_wrapper.xsa -mem-ranges [list {0x40000000 0xbfffffff}] -regs
configparams force-mem-access 1
targets -set -nocase -filter {name =~"APU*"}
source C:/Users/fawei/Downloads/z20/525743/FPGA/Zynq_musicPlayer_FPGA/vitis/Zynq_musicPlayer_vitis/_ide/psinit/ps7_init.tcl
ps7_init
ps7_post_config
targets -set -nocase -filter {name =~ "*A9*#0"}
dow C:/Users/fawei/Downloads/z20/525743/FPGA/Zynq_musicPlayer_FPGA/vitis/Zynq_musicPlayer_vitis/Debug/Zynq_musicPlayer_vitis.elf
configparams force-mem-access 0
----------------End of Script----------------

11:17:52 INFO  : Context for processor 'ps7_cortexa9_0' is selected.
11:17:52 INFO  : 'con' command is executed.
11:17:52 INFO  : ----------------XSDB Script (After Launch)----------------
targets -set -nocase -filter {name =~ "*A9*#0"}
con
----------------End of Script----------------

11:17:52 INFO  : Launch script is exported to file 'C:\Users\fawei\Downloads\z20\525743\FPGA\Zynq_musicPlayer_FPGA\vitis\Zynq_musicPlayer_vitis_system\_ide\scripts\systemdebugger_zynq_musicplayer_vitis_system_standalone.tcl'
11:25:38 INFO  : Result from executing command 'removePlatformRepo': 
11:25:57 INFO  : Result from executing command 'getProjects': system_wrapper
11:25:57 INFO  : Result from executing command 'getPlatforms': xilinx_vck190_base_202310_1|D:/app/Xilinx/Vitis/2023.1/base_platforms/xilinx_vck190_base_202310_1/xilinx_vck190_base_202310_1.xpfm;xilinx_vck190_base_dfx_202310_1|D:/app/Xilinx/Vitis/2023.1/base_platforms/xilinx_vck190_base_dfx_202310_1/xilinx_vck190_base_dfx_202310_1.xpfm;xilinx_vek280_es1_base_202310_1|D:/app/Xilinx/Vitis/2023.1/base_platforms/xilinx_vek280_es1_base_202310_1/xilinx_vek280_es1_base_202310_1.xpfm;xilinx_vmk180_base_202310_1|D:/app/Xilinx/Vitis/2023.1/base_platforms/xilinx_vmk180_base_202310_1/xilinx_vmk180_base_202310_1.xpfm;xilinx_zcu102_base_202310_1|D:/app/Xilinx/Vitis/2023.1/base_platforms/xilinx_zcu102_base_202310_1/xilinx_zcu102_base_202310_1.xpfm;xilinx_zcu102_base_dfx_202310_1|D:/app/Xilinx/Vitis/2023.1/base_platforms/xilinx_zcu102_base_dfx_202310_1/xilinx_zcu102_base_dfx_202310_1.xpfm;xilinx_zcu104_base_202310_1|D:/app/Xilinx/Vitis/2023.1/base_platforms/xilinx_zcu104_base_202310_1/xilinx_zcu104_base_202310_1.xpfm
11:25:57 INFO  : Checking for BSP changes to sync application flags for project 'Zynq_musicPlayer_vitis'...
11:29:52 INFO  : Checking for BSP changes to sync application flags for project 'Zynq_musicPlayer_vitis'...
11:29:58 INFO  : Result from executing command 'removePlatformRepo': 
11:30:16 INFO  : Result from executing command 'getProjects': system_wrapper
11:30:16 INFO  : Result from executing command 'getPlatforms': xilinx_vck190_base_202310_1|D:/app/Xilinx/Vitis/2023.1/base_platforms/xilinx_vck190_base_202310_1/xilinx_vck190_base_202310_1.xpfm;xilinx_vck190_base_dfx_202310_1|D:/app/Xilinx/Vitis/2023.1/base_platforms/xilinx_vck190_base_dfx_202310_1/xilinx_vck190_base_dfx_202310_1.xpfm;xilinx_vek280_es1_base_202310_1|D:/app/Xilinx/Vitis/2023.1/base_platforms/xilinx_vek280_es1_base_202310_1/xilinx_vek280_es1_base_202310_1.xpfm;xilinx_vmk180_base_202310_1|D:/app/Xilinx/Vitis/2023.1/base_platforms/xilinx_vmk180_base_202310_1/xilinx_vmk180_base_202310_1.xpfm;xilinx_zcu102_base_202310_1|D:/app/Xilinx/Vitis/2023.1/base_platforms/xilinx_zcu102_base_202310_1/xilinx_zcu102_base_202310_1.xpfm;xilinx_zcu102_base_dfx_202310_1|D:/app/Xilinx/Vitis/2023.1/base_platforms/xilinx_zcu102_base_dfx_202310_1/xilinx_zcu102_base_dfx_202310_1.xpfm;xilinx_zcu104_base_202310_1|D:/app/Xilinx/Vitis/2023.1/base_platforms/xilinx_zcu104_base_202310_1/xilinx_zcu104_base_202310_1.xpfm
11:30:17 INFO  : Checking for BSP changes to sync application flags for project 'Zynq_musicPlayer_vitis'...
11:33:30 INFO  : Checking for BSP changes to sync application flags for project 'Zynq_musicPlayer_vitis'...
11:33:38 INFO  : Result from executing command 'removePlatformRepo': 
11:33:42 ERROR : Error from executing command 'removePlatformRepo': ERROR: No valid directory exists at given path.
11:33:59 INFO  : Result from executing command 'getProjects': system_wrapper
11:33:59 INFO  : Result from executing command 'getPlatforms': xilinx_vck190_base_202310_1|D:/app/Xilinx/Vitis/2023.1/base_platforms/xilinx_vck190_base_202310_1/xilinx_vck190_base_202310_1.xpfm;xilinx_vck190_base_dfx_202310_1|D:/app/Xilinx/Vitis/2023.1/base_platforms/xilinx_vck190_base_dfx_202310_1/xilinx_vck190_base_dfx_202310_1.xpfm;xilinx_vek280_es1_base_202310_1|D:/app/Xilinx/Vitis/2023.1/base_platforms/xilinx_vek280_es1_base_202310_1/xilinx_vek280_es1_base_202310_1.xpfm;xilinx_vmk180_base_202310_1|D:/app/Xilinx/Vitis/2023.1/base_platforms/xilinx_vmk180_base_202310_1/xilinx_vmk180_base_202310_1.xpfm;xilinx_zcu102_base_202310_1|D:/app/Xilinx/Vitis/2023.1/base_platforms/xilinx_zcu102_base_202310_1/xilinx_zcu102_base_202310_1.xpfm;xilinx_zcu102_base_dfx_202310_1|D:/app/Xilinx/Vitis/2023.1/base_platforms/xilinx_zcu102_base_dfx_202310_1/xilinx_zcu102_base_dfx_202310_1.xpfm;xilinx_zcu104_base_202310_1|D:/app/Xilinx/Vitis/2023.1/base_platforms/xilinx_zcu104_base_202310_1/xilinx_zcu104_base_202310_1.xpfm
11:34:00 INFO  : Checking for BSP changes to sync application flags for project 'Zynq_musicPlayer_vitis'...
11:39:51 INFO  : Result from executing command 'removePlatformRepo': 
11:39:58 ERROR : Error from executing command 'removePlatformRepo': ERROR: No valid directory exists at given path.
11:40:32 INFO  : Result from executing command 'getProjects': system_wrapper
11:40:32 INFO  : Result from executing command 'getPlatforms': xilinx_vck190_base_202310_1|D:/app/Xilinx/Vitis/2023.1/base_platforms/xilinx_vck190_base_202310_1/xilinx_vck190_base_202310_1.xpfm;xilinx_vck190_base_dfx_202310_1|D:/app/Xilinx/Vitis/2023.1/base_platforms/xilinx_vck190_base_dfx_202310_1/xilinx_vck190_base_dfx_202310_1.xpfm;xilinx_vek280_es1_base_202310_1|D:/app/Xilinx/Vitis/2023.1/base_platforms/xilinx_vek280_es1_base_202310_1/xilinx_vek280_es1_base_202310_1.xpfm;xilinx_vmk180_base_202310_1|D:/app/Xilinx/Vitis/2023.1/base_platforms/xilinx_vmk180_base_202310_1/xilinx_vmk180_base_202310_1.xpfm;xilinx_zcu102_base_202310_1|D:/app/Xilinx/Vitis/2023.1/base_platforms/xilinx_zcu102_base_202310_1/xilinx_zcu102_base_202310_1.xpfm;xilinx_zcu102_base_dfx_202310_1|D:/app/Xilinx/Vitis/2023.1/base_platforms/xilinx_zcu102_base_dfx_202310_1/xilinx_zcu102_base_dfx_202310_1.xpfm;xilinx_zcu104_base_202310_1|D:/app/Xilinx/Vitis/2023.1/base_platforms/xilinx_zcu104_base_202310_1/xilinx_zcu104_base_202310_1.xpfm
11:40:33 INFO  : Checking for BSP changes to sync application flags for project 'Zynq_musicPlayer_vitis'...
12:22:48 INFO  : Result from executing command 'removePlatformRepo': 
12:22:59 ERROR : Error from executing command 'removePlatformRepo': ERROR: No valid directory exists at given path.
12:26:22 INFO  : Hardware specification for platform project 'system_wrapper' is updated.
12:27:13 INFO  : Result from executing command 'removePlatformRepo': 
12:27:32 ERROR : Error from executing command 'removePlatformRepo': ERROR: No valid directory exists at given path.
12:27:47 INFO  : Hardware specification for platform project 'system_wrapper' is updated.
12:28:25 INFO  : Result from executing command 'getProjects': system_wrapper
12:28:26 INFO  : Result from executing command 'getPlatforms': xilinx_vck190_base_202310_1|D:/app/Xilinx/Vitis/2023.1/base_platforms/xilinx_vck190_base_202310_1/xilinx_vck190_base_202310_1.xpfm;xilinx_vck190_base_dfx_202310_1|D:/app/Xilinx/Vitis/2023.1/base_platforms/xilinx_vck190_base_dfx_202310_1/xilinx_vck190_base_dfx_202310_1.xpfm;xilinx_vek280_es1_base_202310_1|D:/app/Xilinx/Vitis/2023.1/base_platforms/xilinx_vek280_es1_base_202310_1/xilinx_vek280_es1_base_202310_1.xpfm;xilinx_vmk180_base_202310_1|D:/app/Xilinx/Vitis/2023.1/base_platforms/xilinx_vmk180_base_202310_1/xilinx_vmk180_base_202310_1.xpfm;xilinx_zcu102_base_202310_1|D:/app/Xilinx/Vitis/2023.1/base_platforms/xilinx_zcu102_base_202310_1/xilinx_zcu102_base_202310_1.xpfm;xilinx_zcu102_base_dfx_202310_1|D:/app/Xilinx/Vitis/2023.1/base_platforms/xilinx_zcu102_base_dfx_202310_1/xilinx_zcu102_base_dfx_202310_1.xpfm;xilinx_zcu104_base_202310_1|D:/app/Xilinx/Vitis/2023.1/base_platforms/xilinx_zcu104_base_202310_1/xilinx_zcu104_base_202310_1.xpfm
12:28:43 INFO  : No changes in MSS file content so sources will not be generated.
12:28:50 INFO  : Result from executing command 'getProjects': system_wrapper
12:28:50 INFO  : Result from executing command 'getPlatforms': xilinx_vck190_base_202310_1|D:/app/Xilinx/Vitis/2023.1/base_platforms/xilinx_vck190_base_202310_1/xilinx_vck190_base_202310_1.xpfm;xilinx_vck190_base_dfx_202310_1|D:/app/Xilinx/Vitis/2023.1/base_platforms/xilinx_vck190_base_dfx_202310_1/xilinx_vck190_base_dfx_202310_1.xpfm;xilinx_vek280_es1_base_202310_1|D:/app/Xilinx/Vitis/2023.1/base_platforms/xilinx_vek280_es1_base_202310_1/xilinx_vek280_es1_base_202310_1.xpfm;xilinx_vmk180_base_202310_1|D:/app/Xilinx/Vitis/2023.1/base_platforms/xilinx_vmk180_base_202310_1/xilinx_vmk180_base_202310_1.xpfm;xilinx_zcu102_base_202310_1|D:/app/Xilinx/Vitis/2023.1/base_platforms/xilinx_zcu102_base_202310_1/xilinx_zcu102_base_202310_1.xpfm;xilinx_zcu102_base_dfx_202310_1|D:/app/Xilinx/Vitis/2023.1/base_platforms/xilinx_zcu102_base_dfx_202310_1/xilinx_zcu102_base_dfx_202310_1.xpfm;xilinx_zcu104_base_202310_1|D:/app/Xilinx/Vitis/2023.1/base_platforms/xilinx_zcu104_base_202310_1/xilinx_zcu104_base_202310_1.xpfm
12:28:51 INFO  : Checking for BSP changes to sync application flags for project 'Zynq_musicPlayer_vitis'...
12:28:56 INFO  : The hardware specification used by project 'Zynq_musicPlayer_vitis' is out of sync with the platform. Resource files extracted from the hardware specification will be updated.
12:28:56 INFO  : The file 'C:\Users\fawei\Downloads\z20\525743\FPGA\Zynq_musicPlayer_FPGA\vitis\Zynq_musicPlayer_vitis\_ide\bitstream\system_wrapper.bit' stored in project is removed.
12:28:56 INFO  : The updated bitstream files are copied from platform to folder 'C:\Users\fawei\Downloads\z20\525743\FPGA\Zynq_musicPlayer_FPGA\vitis\Zynq_musicPlayer_vitis\_ide\bitstream' in project 'Zynq_musicPlayer_vitis'.
12:28:56 INFO  : The file 'C:\Users\fawei\Downloads\z20\525743\FPGA\Zynq_musicPlayer_FPGA\vitis\Zynq_musicPlayer_vitis\_ide\psinit\ps7_init.tcl' stored in project is removed.
12:28:59 INFO  : The updated ps init files are copied from platform to folder 'C:\Users\fawei\Downloads\z20\525743\FPGA\Zynq_musicPlayer_FPGA\vitis\Zynq_musicPlayer_vitis\_ide\psinit' in project 'Zynq_musicPlayer_vitis'.
12:29:16 INFO  : Disconnected from the channel tcfchan#13.
12:29:16 INFO  : Connected to target on host '127.0.0.1' and port '3121'.
12:29:16 INFO  : Jtag cable 'Digilent JTAG-HS1 210512180081' is selected.
12:29:16 INFO  : 'jtag frequency' command is executed.
12:29:16 INFO  : Context for 'APU' is selected.
12:29:16 INFO  : System reset is completed.
12:29:19 INFO  : 'after 3000' command is executed.
12:29:19 INFO  : 'targets -set -filter {jtag_cable_name =~ "Digilent JTAG-HS1 210512180081" && level==0 && jtag_device_ctx=="jsn-JTAG-HS1-210512180081-23727093-0"}' command is executed.
12:29:22 INFO  : Device configured successfully with "C:/Users/fawei/Downloads/z20/525743/FPGA/Zynq_musicPlayer_FPGA/vitis/Zynq_musicPlayer_vitis/_ide/bitstream/system_wrapper.bit"
12:29:22 INFO  : Context for 'APU' is selected.
12:29:22 INFO  : Hardware design and registers information is loaded from 'C:/Users/fawei/Downloads/z20/525743/FPGA/Zynq_musicPlayer_FPGA/vitis/system_wrapper/export/system_wrapper/hw/system_wrapper.xsa'.
12:29:22 INFO  : 'configparams force-mem-access 1' command is executed.
12:29:22 INFO  : Context for 'APU' is selected.
12:29:22 INFO  : Sourcing of 'C:/Users/fawei/Downloads/z20/525743/FPGA/Zynq_musicPlayer_FPGA/vitis/Zynq_musicPlayer_vitis/_ide/psinit/ps7_init.tcl' is done.
12:29:23 INFO  : 'ps7_init' command is executed.
12:29:23 INFO  : 'ps7_post_config' command is executed.
12:29:23 INFO  : Context for processor 'ps7_cortexa9_0' is selected.
12:29:24 INFO  : The application 'C:/Users/fawei/Downloads/z20/525743/FPGA/Zynq_musicPlayer_FPGA/vitis/Zynq_musicPlayer_vitis/Debug/Zynq_musicPlayer_vitis.elf' is downloaded to processor 'ps7_cortexa9_0'.
12:29:24 INFO  : 'configparams force-mem-access 0' command is executed.
12:29:24 INFO  : ----------------XSDB Script----------------
connect -url tcp:127.0.0.1:3121
targets -set -nocase -filter {name =~"APU*"}
rst -system
after 3000
targets -set -filter {jtag_cable_name =~ "Digilent JTAG-HS1 210512180081" && level==0 && jtag_device_ctx=="jsn-JTAG-HS1-210512180081-23727093-0"}
fpga -file C:/Users/fawei/Downloads/z20/525743/FPGA/Zynq_musicPlayer_FPGA/vitis/Zynq_musicPlayer_vitis/_ide/bitstream/system_wrapper.bit
targets -set -nocase -filter {name =~"APU*"}
loadhw -hw C:/Users/fawei/Downloads/z20/525743/FPGA/Zynq_musicPlayer_FPGA/vitis/system_wrapper/export/system_wrapper/hw/system_wrapper.xsa -mem-ranges [list {0x40000000 0xbfffffff}] -regs
configparams force-mem-access 1
targets -set -nocase -filter {name =~"APU*"}
source C:/Users/fawei/Downloads/z20/525743/FPGA/Zynq_musicPlayer_FPGA/vitis/Zynq_musicPlayer_vitis/_ide/psinit/ps7_init.tcl
ps7_init
ps7_post_config
targets -set -nocase -filter {name =~ "*A9*#0"}
dow C:/Users/fawei/Downloads/z20/525743/FPGA/Zynq_musicPlayer_FPGA/vitis/Zynq_musicPlayer_vitis/Debug/Zynq_musicPlayer_vitis.elf
configparams force-mem-access 0
----------------End of Script----------------

12:29:24 INFO  : Context for processor 'ps7_cortexa9_0' is selected.
12:29:24 INFO  : 'con' command is executed.
12:29:24 INFO  : ----------------XSDB Script (After Launch)----------------
targets -set -nocase -filter {name =~ "*A9*#0"}
con
----------------End of Script----------------

12:29:24 INFO  : Launch script is exported to file 'C:\Users\fawei\Downloads\z20\525743\FPGA\Zynq_musicPlayer_FPGA\vitis\Zynq_musicPlayer_vitis_system\_ide\scripts\systemdebugger_zynq_musicplayer_vitis_system_standalone.tcl'
12:30:58 INFO  : Disconnected from the channel tcfchan#34.
17:11:23 DEBUG : Logs will be stored at 'C:/Users/fawei/Downloads/z20/525743/FPGA/Zynq_musicPlayer_FPGA/vitis/IDE.log'.
17:11:24 INFO  : Launching XSCT server: xsct.bat -n  -interactive C:\Users\fawei\Downloads\z20\525743\FPGA\Zynq_musicPlayer_FPGA\vitis\temp_xsdb_launch_script.tcl
17:11:26 INFO  : XSCT server has started successfully.
17:11:26 INFO  : plnx-install-location is set to ''
17:11:26 INFO  : Successfully done setting XSCT server connection channel  
17:11:26 INFO  : Successfully done setting workspace for the tool. 
17:11:27 INFO  : Registering command handlers for Vitis TCF services
17:11:28 INFO  : Successfully done query RDI_DATADIR 
17:11:28 INFO  : Platform repository initialization has completed.
17:12:07 INFO  : Hardware specification for platform project 'system_wrapper' is updated.
17:12:18 INFO  : Result from executing command 'removePlatformRepo': 
17:12:30 ERROR : Error from executing command 'removePlatformRepo': ERROR: No valid directory exists at given path.
17:13:09 INFO  : Result from executing command 'getProjects': system_wrapper
17:13:09 INFO  : Result from executing command 'getPlatforms': xilinx_vck190_base_202310_1|D:/app/Xilinx/Vitis/2023.1/base_platforms/xilinx_vck190_base_202310_1/xilinx_vck190_base_202310_1.xpfm;xilinx_vck190_base_dfx_202310_1|D:/app/Xilinx/Vitis/2023.1/base_platforms/xilinx_vck190_base_dfx_202310_1/xilinx_vck190_base_dfx_202310_1.xpfm;xilinx_vek280_es1_base_202310_1|D:/app/Xilinx/Vitis/2023.1/base_platforms/xilinx_vek280_es1_base_202310_1/xilinx_vek280_es1_base_202310_1.xpfm;xilinx_vmk180_base_202310_1|D:/app/Xilinx/Vitis/2023.1/base_platforms/xilinx_vmk180_base_202310_1/xilinx_vmk180_base_202310_1.xpfm;xilinx_zcu102_base_202310_1|D:/app/Xilinx/Vitis/2023.1/base_platforms/xilinx_zcu102_base_202310_1/xilinx_zcu102_base_202310_1.xpfm;xilinx_zcu102_base_dfx_202310_1|D:/app/Xilinx/Vitis/2023.1/base_platforms/xilinx_zcu102_base_dfx_202310_1/xilinx_zcu102_base_dfx_202310_1.xpfm;xilinx_zcu104_base_202310_1|D:/app/Xilinx/Vitis/2023.1/base_platforms/xilinx_zcu104_base_202310_1/xilinx_zcu104_base_202310_1.xpfm
17:13:41 INFO  : Result from executing command 'removePlatformRepo': 
17:13:55 INFO  : Hardware specification for platform project 'system_wrapper' is updated.
17:14:24 INFO  : Result from executing command 'getProjects': system_wrapper
17:14:24 INFO  : Result from executing command 'getPlatforms': xilinx_vck190_base_202310_1|D:/app/Xilinx/Vitis/2023.1/base_platforms/xilinx_vck190_base_202310_1/xilinx_vck190_base_202310_1.xpfm;xilinx_vck190_base_dfx_202310_1|D:/app/Xilinx/Vitis/2023.1/base_platforms/xilinx_vck190_base_dfx_202310_1/xilinx_vck190_base_dfx_202310_1.xpfm;xilinx_vek280_es1_base_202310_1|D:/app/Xilinx/Vitis/2023.1/base_platforms/xilinx_vek280_es1_base_202310_1/xilinx_vek280_es1_base_202310_1.xpfm;xilinx_vmk180_base_202310_1|D:/app/Xilinx/Vitis/2023.1/base_platforms/xilinx_vmk180_base_202310_1/xilinx_vmk180_base_202310_1.xpfm;xilinx_zcu102_base_202310_1|D:/app/Xilinx/Vitis/2023.1/base_platforms/xilinx_zcu102_base_202310_1/xilinx_zcu102_base_202310_1.xpfm;xilinx_zcu102_base_dfx_202310_1|D:/app/Xilinx/Vitis/2023.1/base_platforms/xilinx_zcu102_base_dfx_202310_1/xilinx_zcu102_base_dfx_202310_1.xpfm;xilinx_zcu104_base_202310_1|D:/app/Xilinx/Vitis/2023.1/base_platforms/xilinx_zcu104_base_202310_1/xilinx_zcu104_base_202310_1.xpfm
17:14:25 INFO  : Checking for BSP changes to sync application flags for project 'Zynq_musicPlayer_vitis'...
17:15:01 INFO  : Connected to target on host '127.0.0.1' and port '3121'.
17:15:01 INFO  : Jtag cable 'Digilent JTAG-HS1 210512180081' is selected.
17:15:01 INFO  : 'jtag frequency' command is executed.
17:15:01 INFO  : Context for 'APU' is selected.
17:15:01 INFO  : System reset is completed.
17:15:04 INFO  : 'after 3000' command is executed.
17:15:04 INFO  : 'targets -set -filter {jtag_cable_name =~ "Digilent JTAG-HS1 210512180081" && level==0 && jtag_device_ctx=="jsn-JTAG-HS1-210512180081-23727093-0"}' command is executed.
17:15:07 INFO  : Device configured successfully with "C:/Users/fawei/Downloads/z20/525743/FPGA/Zynq_musicPlayer_FPGA/vitis/Zynq_musicPlayer_vitis/_ide/bitstream/system_wrapper.bit"
17:15:07 INFO  : Context for 'APU' is selected.
17:15:07 INFO  : Hardware design and registers information is loaded from 'C:/Users/fawei/Downloads/z20/525743/FPGA/Zynq_musicPlayer_FPGA/vitis/system_wrapper/export/system_wrapper/hw/system_wrapper.xsa'.
17:15:07 INFO  : 'configparams force-mem-access 1' command is executed.
17:15:07 INFO  : Context for 'APU' is selected.
17:15:07 INFO  : Sourcing of 'C:/Users/fawei/Downloads/z20/525743/FPGA/Zynq_musicPlayer_FPGA/vitis/Zynq_musicPlayer_vitis/_ide/psinit/ps7_init.tcl' is done.
17:15:08 INFO  : 'ps7_init' command is executed.
17:15:08 INFO  : 'ps7_post_config' command is executed.
17:15:08 INFO  : Context for processor 'ps7_cortexa9_0' is selected.
17:15:09 INFO  : The application 'C:/Users/fawei/Downloads/z20/525743/FPGA/Zynq_musicPlayer_FPGA/vitis/Zynq_musicPlayer_vitis/Debug/Zynq_musicPlayer_vitis.elf' is downloaded to processor 'ps7_cortexa9_0'.
17:15:09 INFO  : 'configparams force-mem-access 0' command is executed.
17:15:09 INFO  : ----------------XSDB Script----------------
connect -url tcp:127.0.0.1:3121
targets -set -nocase -filter {name =~"APU*"}
rst -system
after 3000
targets -set -filter {jtag_cable_name =~ "Digilent JTAG-HS1 210512180081" && level==0 && jtag_device_ctx=="jsn-JTAG-HS1-210512180081-23727093-0"}
fpga -file C:/Users/fawei/Downloads/z20/525743/FPGA/Zynq_musicPlayer_FPGA/vitis/Zynq_musicPlayer_vitis/_ide/bitstream/system_wrapper.bit
targets -set -nocase -filter {name =~"APU*"}
loadhw -hw C:/Users/fawei/Downloads/z20/525743/FPGA/Zynq_musicPlayer_FPGA/vitis/system_wrapper/export/system_wrapper/hw/system_wrapper.xsa -mem-ranges [list {0x40000000 0xbfffffff}] -regs
configparams force-mem-access 1
targets -set -nocase -filter {name =~"APU*"}
source C:/Users/fawei/Downloads/z20/525743/FPGA/Zynq_musicPlayer_FPGA/vitis/Zynq_musicPlayer_vitis/_ide/psinit/ps7_init.tcl
ps7_init
ps7_post_config
targets -set -nocase -filter {name =~ "*A9*#0"}
dow C:/Users/fawei/Downloads/z20/525743/FPGA/Zynq_musicPlayer_FPGA/vitis/Zynq_musicPlayer_vitis/Debug/Zynq_musicPlayer_vitis.elf
configparams force-mem-access 0
----------------End of Script----------------

17:15:09 INFO  : Context for processor 'ps7_cortexa9_0' is selected.
17:15:09 INFO  : 'con' command is executed.
17:15:09 INFO  : ----------------XSDB Script (After Launch)----------------
targets -set -nocase -filter {name =~ "*A9*#0"}
con
----------------End of Script----------------

17:15:09 INFO  : Launch script is exported to file 'C:\Users\fawei\Downloads\z20\525743\FPGA\Zynq_musicPlayer_FPGA\vitis\Zynq_musicPlayer_vitis_system\_ide\scripts\systemdebugger_zynq_musicplayer_vitis_system_standalone.tcl'
18:19:05 INFO  : Disconnected from the channel tcfchan#7.
18:19:05 INFO  : Connected to target on host '127.0.0.1' and port '3121'.
18:19:05 INFO  : Jtag cable 'Digilent JTAG-HS1 210512180081' is selected.
18:19:05 INFO  : 'jtag frequency' command is executed.
18:19:05 INFO  : Context for 'APU' is selected.
18:19:05 INFO  : System reset is completed.
18:19:08 INFO  : 'after 3000' command is executed.
18:19:08 INFO  : 'targets -set -filter {jtag_cable_name =~ "Digilent JTAG-HS1 210512180081" && level==0 && jtag_device_ctx=="jsn-JTAG-HS1-210512180081-23727093-0"}' command is executed.
18:19:11 INFO  : Device configured successfully with "C:/Users/fawei/Downloads/z20/525743/FPGA/Zynq_musicPlayer_FPGA/vitis/Zynq_musicPlayer_vitis/_ide/bitstream/system_wrapper.bit"
18:19:11 INFO  : Context for 'APU' is selected.
18:19:11 INFO  : Hardware design and registers information is loaded from 'C:/Users/fawei/Downloads/z20/525743/FPGA/Zynq_musicPlayer_FPGA/vitis/system_wrapper/export/system_wrapper/hw/system_wrapper.xsa'.
18:19:11 INFO  : 'configparams force-mem-access 1' command is executed.
18:19:11 INFO  : Context for 'APU' is selected.
18:19:11 INFO  : Sourcing of 'C:/Users/fawei/Downloads/z20/525743/FPGA/Zynq_musicPlayer_FPGA/vitis/Zynq_musicPlayer_vitis/_ide/psinit/ps7_init.tcl' is done.
18:19:12 INFO  : 'ps7_init' command is executed.
18:19:12 INFO  : 'ps7_post_config' command is executed.
18:19:12 INFO  : Context for processor 'ps7_cortexa9_0' is selected.
18:19:12 INFO  : The application 'C:/Users/fawei/Downloads/z20/525743/FPGA/Zynq_musicPlayer_FPGA/vitis/Zynq_musicPlayer_vitis/Debug/Zynq_musicPlayer_vitis.elf' is downloaded to processor 'ps7_cortexa9_0'.
18:19:12 INFO  : 'configparams force-mem-access 0' command is executed.
18:19:12 INFO  : ----------------XSDB Script----------------
connect -url tcp:127.0.0.1:3121
targets -set -nocase -filter {name =~"APU*"}
rst -system
after 3000
targets -set -filter {jtag_cable_name =~ "Digilent JTAG-HS1 210512180081" && level==0 && jtag_device_ctx=="jsn-JTAG-HS1-210512180081-23727093-0"}
fpga -file C:/Users/fawei/Downloads/z20/525743/FPGA/Zynq_musicPlayer_FPGA/vitis/Zynq_musicPlayer_vitis/_ide/bitstream/system_wrapper.bit
targets -set -nocase -filter {name =~"APU*"}
loadhw -hw C:/Users/fawei/Downloads/z20/525743/FPGA/Zynq_musicPlayer_FPGA/vitis/system_wrapper/export/system_wrapper/hw/system_wrapper.xsa -mem-ranges [list {0x40000000 0xbfffffff}] -regs
configparams force-mem-access 1
targets -set -nocase -filter {name =~"APU*"}
source C:/Users/fawei/Downloads/z20/525743/FPGA/Zynq_musicPlayer_FPGA/vitis/Zynq_musicPlayer_vitis/_ide/psinit/ps7_init.tcl
ps7_init
ps7_post_config
targets -set -nocase -filter {name =~ "*A9*#0"}
dow C:/Users/fawei/Downloads/z20/525743/FPGA/Zynq_musicPlayer_FPGA/vitis/Zynq_musicPlayer_vitis/Debug/Zynq_musicPlayer_vitis.elf
configparams force-mem-access 0
----------------End of Script----------------

18:19:12 INFO  : Context for processor 'ps7_cortexa9_0' is selected.
18:19:12 INFO  : 'con' command is executed.
18:19:12 INFO  : ----------------XSDB Script (After Launch)----------------
targets -set -nocase -filter {name =~ "*A9*#0"}
con
----------------End of Script----------------

18:19:12 INFO  : Launch script is exported to file 'C:\Users\fawei\Downloads\z20\525743\FPGA\Zynq_musicPlayer_FPGA\vitis\Zynq_musicPlayer_vitis_system\_ide\scripts\systemdebugger_zynq_musicplayer_vitis_system_standalone.tcl'
18:22:56 INFO  : Checking for BSP changes to sync application flags for project 'Zynq_musicPlayer_vitis'...
18:23:33 INFO  : Disconnected from the channel tcfchan#8.
18:23:33 INFO  : Connected to target on host '127.0.0.1' and port '3121'.
18:23:33 INFO  : Jtag cable 'Digilent JTAG-HS1 210512180081' is selected.
18:23:33 INFO  : 'jtag frequency' command is executed.
18:23:33 INFO  : Context for 'APU' is selected.
18:23:33 INFO  : System reset is completed.
18:23:36 INFO  : 'after 3000' command is executed.
18:23:36 INFO  : 'targets -set -filter {jtag_cable_name =~ "Digilent JTAG-HS1 210512180081" && level==0 && jtag_device_ctx=="jsn-JTAG-HS1-210512180081-23727093-0"}' command is executed.
18:23:39 INFO  : Device configured successfully with "C:/Users/fawei/Downloads/z20/525743/FPGA/Zynq_musicPlayer_FPGA/vitis/Zynq_musicPlayer_vitis/_ide/bitstream/system_wrapper.bit"
18:23:40 INFO  : Context for 'APU' is selected.
18:23:40 INFO  : Hardware design and registers information is loaded from 'C:/Users/fawei/Downloads/z20/525743/FPGA/Zynq_musicPlayer_FPGA/vitis/system_wrapper/export/system_wrapper/hw/system_wrapper.xsa'.
18:23:40 INFO  : 'configparams force-mem-access 1' command is executed.
18:23:40 INFO  : Context for 'APU' is selected.
18:23:40 INFO  : Sourcing of 'C:/Users/fawei/Downloads/z20/525743/FPGA/Zynq_musicPlayer_FPGA/vitis/Zynq_musicPlayer_vitis/_ide/psinit/ps7_init.tcl' is done.
18:23:40 INFO  : 'ps7_init' command is executed.
18:23:40 INFO  : 'ps7_post_config' command is executed.
18:23:40 INFO  : Context for processor 'ps7_cortexa9_0' is selected.
18:23:41 INFO  : The application 'C:/Users/fawei/Downloads/z20/525743/FPGA/Zynq_musicPlayer_FPGA/vitis/Zynq_musicPlayer_vitis/Debug/Zynq_musicPlayer_vitis.elf' is downloaded to processor 'ps7_cortexa9_0'.
18:23:41 INFO  : 'configparams force-mem-access 0' command is executed.
18:23:41 INFO  : ----------------XSDB Script----------------
connect -url tcp:127.0.0.1:3121
targets -set -nocase -filter {name =~"APU*"}
rst -system
after 3000
targets -set -filter {jtag_cable_name =~ "Digilent JTAG-HS1 210512180081" && level==0 && jtag_device_ctx=="jsn-JTAG-HS1-210512180081-23727093-0"}
fpga -file C:/Users/fawei/Downloads/z20/525743/FPGA/Zynq_musicPlayer_FPGA/vitis/Zynq_musicPlayer_vitis/_ide/bitstream/system_wrapper.bit
targets -set -nocase -filter {name =~"APU*"}
loadhw -hw C:/Users/fawei/Downloads/z20/525743/FPGA/Zynq_musicPlayer_FPGA/vitis/system_wrapper/export/system_wrapper/hw/system_wrapper.xsa -mem-ranges [list {0x40000000 0xbfffffff}] -regs
configparams force-mem-access 1
targets -set -nocase -filter {name =~"APU*"}
source C:/Users/fawei/Downloads/z20/525743/FPGA/Zynq_musicPlayer_FPGA/vitis/Zynq_musicPlayer_vitis/_ide/psinit/ps7_init.tcl
ps7_init
ps7_post_config
targets -set -nocase -filter {name =~ "*A9*#0"}
dow C:/Users/fawei/Downloads/z20/525743/FPGA/Zynq_musicPlayer_FPGA/vitis/Zynq_musicPlayer_vitis/Debug/Zynq_musicPlayer_vitis.elf
configparams force-mem-access 0
----------------End of Script----------------

18:23:41 INFO  : Context for processor 'ps7_cortexa9_0' is selected.
18:23:41 INFO  : 'con' command is executed.
18:23:41 INFO  : ----------------XSDB Script (After Launch)----------------
targets -set -nocase -filter {name =~ "*A9*#0"}
con
----------------End of Script----------------

18:23:41 INFO  : Launch script is exported to file 'C:\Users\fawei\Downloads\z20\525743\FPGA\Zynq_musicPlayer_FPGA\vitis\Zynq_musicPlayer_vitis_system\_ide\scripts\systemdebugger_zynq_musicplayer_vitis_system_standalone.tcl'
18:25:42 INFO  : Checking for BSP changes to sync application flags for project 'Zynq_musicPlayer_vitis'...
18:25:53 INFO  : Disconnected from the channel tcfchan#10.
18:25:53 INFO  : Connected to target on host '127.0.0.1' and port '3121'.
18:25:53 INFO  : Jtag cable 'Digilent JTAG-HS1 210512180081' is selected.
18:25:53 INFO  : 'jtag frequency' command is executed.
18:25:53 INFO  : Context for 'APU' is selected.
18:25:53 INFO  : System reset is completed.
18:25:56 INFO  : 'after 3000' command is executed.
18:25:56 INFO  : 'targets -set -filter {jtag_cable_name =~ "Digilent JTAG-HS1 210512180081" && level==0 && jtag_device_ctx=="jsn-JTAG-HS1-210512180081-23727093-0"}' command is executed.
18:25:59 INFO  : Device configured successfully with "C:/Users/fawei/Downloads/z20/525743/FPGA/Zynq_musicPlayer_FPGA/vitis/Zynq_musicPlayer_vitis/_ide/bitstream/system_wrapper.bit"
18:25:59 INFO  : Context for 'APU' is selected.
18:25:59 INFO  : Hardware design and registers information is loaded from 'C:/Users/fawei/Downloads/z20/525743/FPGA/Zynq_musicPlayer_FPGA/vitis/system_wrapper/export/system_wrapper/hw/system_wrapper.xsa'.
18:25:59 INFO  : 'configparams force-mem-access 1' command is executed.
18:25:59 INFO  : Context for 'APU' is selected.
18:25:59 INFO  : Sourcing of 'C:/Users/fawei/Downloads/z20/525743/FPGA/Zynq_musicPlayer_FPGA/vitis/Zynq_musicPlayer_vitis/_ide/psinit/ps7_init.tcl' is done.
18:25:59 INFO  : 'ps7_init' command is executed.
18:25:59 INFO  : 'ps7_post_config' command is executed.
18:25:59 INFO  : Context for processor 'ps7_cortexa9_0' is selected.
18:26:00 INFO  : The application 'C:/Users/fawei/Downloads/z20/525743/FPGA/Zynq_musicPlayer_FPGA/vitis/Zynq_musicPlayer_vitis/Debug/Zynq_musicPlayer_vitis.elf' is downloaded to processor 'ps7_cortexa9_0'.
18:26:00 INFO  : 'configparams force-mem-access 0' command is executed.
18:26:00 INFO  : ----------------XSDB Script----------------
connect -url tcp:127.0.0.1:3121
targets -set -nocase -filter {name =~"APU*"}
rst -system
after 3000
targets -set -filter {jtag_cable_name =~ "Digilent JTAG-HS1 210512180081" && level==0 && jtag_device_ctx=="jsn-JTAG-HS1-210512180081-23727093-0"}
fpga -file C:/Users/fawei/Downloads/z20/525743/FPGA/Zynq_musicPlayer_FPGA/vitis/Zynq_musicPlayer_vitis/_ide/bitstream/system_wrapper.bit
targets -set -nocase -filter {name =~"APU*"}
loadhw -hw C:/Users/fawei/Downloads/z20/525743/FPGA/Zynq_musicPlayer_FPGA/vitis/system_wrapper/export/system_wrapper/hw/system_wrapper.xsa -mem-ranges [list {0x40000000 0xbfffffff}] -regs
configparams force-mem-access 1
targets -set -nocase -filter {name =~"APU*"}
source C:/Users/fawei/Downloads/z20/525743/FPGA/Zynq_musicPlayer_FPGA/vitis/Zynq_musicPlayer_vitis/_ide/psinit/ps7_init.tcl
ps7_init
ps7_post_config
targets -set -nocase -filter {name =~ "*A9*#0"}
dow C:/Users/fawei/Downloads/z20/525743/FPGA/Zynq_musicPlayer_FPGA/vitis/Zynq_musicPlayer_vitis/Debug/Zynq_musicPlayer_vitis.elf
configparams force-mem-access 0
----------------End of Script----------------

18:26:00 INFO  : Context for processor 'ps7_cortexa9_0' is selected.
18:26:00 INFO  : 'con' command is executed.
18:26:00 INFO  : ----------------XSDB Script (After Launch)----------------
targets -set -nocase -filter {name =~ "*A9*#0"}
con
----------------End of Script----------------

18:26:00 INFO  : Launch script is exported to file 'C:\Users\fawei\Downloads\z20\525743\FPGA\Zynq_musicPlayer_FPGA\vitis\Zynq_musicPlayer_vitis_system\_ide\scripts\systemdebugger_zynq_musicplayer_vitis_system_standalone.tcl'
18:30:58 INFO  : Disconnected from the channel tcfchan#12.
17:59:27 DEBUG : Logs will be stored at 'C:/Users/fawei/Downloads/z20/525743/FPGA/Zynq_musicPlayer_FPGA/vitis/IDE.log'.
17:59:28 INFO  : Launching XSCT server: xsct.bat -n  -interactive C:\Users\fawei\Downloads\z20\525743\FPGA\Zynq_musicPlayer_FPGA\vitis\temp_xsdb_launch_script.tcl
17:59:30 INFO  : XSCT server has started successfully.
17:59:30 INFO  : plnx-install-location is set to ''
17:59:30 INFO  : Successfully done setting XSCT server connection channel  
17:59:30 INFO  : Successfully done setting workspace for the tool. 
17:59:31 INFO  : Platform repository initialization has completed.
17:59:41 INFO  : Registering command handlers for Vitis TCF services
17:59:41 INFO  : Successfully done query RDI_DATADIR 
18:32:50 INFO  : Connected to target on host '127.0.0.1' and port '3121'.
18:32:50 INFO  : Jtag cable 'Digilent JTAG-HS1 210512180081' is selected.
18:32:50 INFO  : 'jtag frequency' command is executed.
18:32:50 INFO  : Context for 'APU' is selected.
18:32:50 INFO  : System reset is completed.
18:32:54 INFO  : 'after 3000' command is executed.
18:32:54 INFO  : 'targets -set -filter {jtag_cable_name =~ "Digilent JTAG-HS1 210512180081" && level==0 && jtag_device_ctx=="jsn-JTAG-HS1-210512180081-23727093-0"}' command is executed.
18:32:57 INFO  : Device configured successfully with "C:/Users/fawei/Downloads/z20/525743/FPGA/Zynq_musicPlayer_FPGA/vitis/Zynq_musicPlayer_vitis/_ide/bitstream/system_wrapper.bit"
18:32:57 INFO  : Context for 'APU' is selected.
18:32:57 INFO  : Hardware design and registers information is loaded from 'C:/Users/fawei/Downloads/z20/525743/FPGA/Zynq_musicPlayer_FPGA/vitis/system_wrapper/export/system_wrapper/hw/system_wrapper.xsa'.
18:32:57 INFO  : 'configparams force-mem-access 1' command is executed.
18:32:57 INFO  : Context for 'APU' is selected.
18:32:57 INFO  : Sourcing of 'C:/Users/fawei/Downloads/z20/525743/FPGA/Zynq_musicPlayer_FPGA/vitis/Zynq_musicPlayer_vitis/_ide/psinit/ps7_init.tcl' is done.
18:32:57 INFO  : 'ps7_init' command is executed.
18:32:57 INFO  : 'ps7_post_config' command is executed.
18:32:57 INFO  : Context for processor 'ps7_cortexa9_0' is selected.
18:32:58 INFO  : The application 'C:/Users/fawei/Downloads/z20/525743/FPGA/Zynq_musicPlayer_FPGA/vitis/Zynq_musicPlayer_vitis/Debug/Zynq_musicPlayer_vitis.elf' is downloaded to processor 'ps7_cortexa9_0'.
18:32:58 INFO  : 'configparams force-mem-access 0' command is executed.
18:32:58 INFO  : ----------------XSDB Script----------------
connect -url tcp:127.0.0.1:3121
targets -set -nocase -filter {name =~"APU*"}
rst -system
after 3000
targets -set -filter {jtag_cable_name =~ "Digilent JTAG-HS1 210512180081" && level==0 && jtag_device_ctx=="jsn-JTAG-HS1-210512180081-23727093-0"}
fpga -file C:/Users/fawei/Downloads/z20/525743/FPGA/Zynq_musicPlayer_FPGA/vitis/Zynq_musicPlayer_vitis/_ide/bitstream/system_wrapper.bit
targets -set -nocase -filter {name =~"APU*"}
loadhw -hw C:/Users/fawei/Downloads/z20/525743/FPGA/Zynq_musicPlayer_FPGA/vitis/system_wrapper/export/system_wrapper/hw/system_wrapper.xsa -mem-ranges [list {0x40000000 0xbfffffff}] -regs
configparams force-mem-access 1
targets -set -nocase -filter {name =~"APU*"}
source C:/Users/fawei/Downloads/z20/525743/FPGA/Zynq_musicPlayer_FPGA/vitis/Zynq_musicPlayer_vitis/_ide/psinit/ps7_init.tcl
ps7_init
ps7_post_config
targets -set -nocase -filter {name =~ "*A9*#0"}
dow C:/Users/fawei/Downloads/z20/525743/FPGA/Zynq_musicPlayer_FPGA/vitis/Zynq_musicPlayer_vitis/Debug/Zynq_musicPlayer_vitis.elf
configparams force-mem-access 0
----------------End of Script----------------

18:32:58 INFO  : Context for processor 'ps7_cortexa9_0' is selected.
18:32:58 INFO  : 'con' command is executed.
18:32:58 INFO  : ----------------XSDB Script (After Launch)----------------
targets -set -nocase -filter {name =~ "*A9*#0"}
con
----------------End of Script----------------

18:32:58 INFO  : Launch script is exported to file 'C:\Users\fawei\Downloads\z20\525743\FPGA\Zynq_musicPlayer_FPGA\vitis\Zynq_musicPlayer_vitis_system\_ide\scripts\systemdebugger_zynq_musicplayer_vitis_system_standalone.tcl'
18:33:26 INFO  : Disconnected from the channel tcfchan#1.
18:33:26 INFO  : Connected to target on host '127.0.0.1' and port '3121'.
18:33:26 INFO  : Jtag cable 'Digilent JTAG-HS1 210512180081' is selected.
18:33:26 INFO  : 'jtag frequency' command is executed.
18:33:26 INFO  : Context for 'APU' is selected.
18:33:26 INFO  : System reset is completed.
18:33:29 INFO  : 'after 3000' command is executed.
18:33:30 INFO  : 'targets -set -filter {jtag_cable_name =~ "Digilent JTAG-HS1 210512180081" && level==0 && jtag_device_ctx=="jsn-JTAG-HS1-210512180081-23727093-0"}' command is executed.
18:33:33 INFO  : Device configured successfully with "C:/Users/fawei/Downloads/z20/525743/FPGA/Zynq_musicPlayer_FPGA/vitis/Zynq_musicPlayer_vitis/_ide/bitstream/system_wrapper.bit"
18:33:33 INFO  : Context for 'APU' is selected.
18:33:34 INFO  : Hardware design and registers information is loaded from 'C:/Users/fawei/Downloads/z20/525743/FPGA/Zynq_musicPlayer_FPGA/vitis/system_wrapper/export/system_wrapper/hw/system_wrapper.xsa'.
18:33:34 INFO  : 'configparams force-mem-access 1' command is executed.
18:33:34 INFO  : Context for 'APU' is selected.
18:33:34 INFO  : Sourcing of 'C:/Users/fawei/Downloads/z20/525743/FPGA/Zynq_musicPlayer_FPGA/vitis/Zynq_musicPlayer_vitis/_ide/psinit/ps7_init.tcl' is done.
18:33:34 INFO  : 'ps7_init' command is executed.
18:33:34 INFO  : 'ps7_post_config' command is executed.
18:33:34 INFO  : Context for processor 'ps7_cortexa9_0' is selected.
18:33:35 INFO  : The application 'C:/Users/fawei/Downloads/z20/525743/FPGA/Zynq_musicPlayer_FPGA/vitis/Zynq_musicPlayer_vitis/Debug/Zynq_musicPlayer_vitis.elf' is downloaded to processor 'ps7_cortexa9_0'.
18:33:35 INFO  : 'configparams force-mem-access 0' command is executed.
18:33:35 INFO  : ----------------XSDB Script----------------
connect -url tcp:127.0.0.1:3121
targets -set -nocase -filter {name =~"APU*"}
rst -system
after 3000
targets -set -filter {jtag_cable_name =~ "Digilent JTAG-HS1 210512180081" && level==0 && jtag_device_ctx=="jsn-JTAG-HS1-210512180081-23727093-0"}
fpga -file C:/Users/fawei/Downloads/z20/525743/FPGA/Zynq_musicPlayer_FPGA/vitis/Zynq_musicPlayer_vitis/_ide/bitstream/system_wrapper.bit
targets -set -nocase -filter {name =~"APU*"}
loadhw -hw C:/Users/fawei/Downloads/z20/525743/FPGA/Zynq_musicPlayer_FPGA/vitis/system_wrapper/export/system_wrapper/hw/system_wrapper.xsa -mem-ranges [list {0x40000000 0xbfffffff}] -regs
configparams force-mem-access 1
targets -set -nocase -filter {name =~"APU*"}
source C:/Users/fawei/Downloads/z20/525743/FPGA/Zynq_musicPlayer_FPGA/vitis/Zynq_musicPlayer_vitis/_ide/psinit/ps7_init.tcl
ps7_init
ps7_post_config
targets -set -nocase -filter {name =~ "*A9*#0"}
dow C:/Users/fawei/Downloads/z20/525743/FPGA/Zynq_musicPlayer_FPGA/vitis/Zynq_musicPlayer_vitis/Debug/Zynq_musicPlayer_vitis.elf
configparams force-mem-access 0
----------------End of Script----------------

18:33:35 INFO  : Context for processor 'ps7_cortexa9_0' is selected.
18:33:35 INFO  : 'con' command is executed.
18:33:35 INFO  : ----------------XSDB Script (After Launch)----------------
targets -set -nocase -filter {name =~ "*A9*#0"}
con
----------------End of Script----------------

18:33:35 INFO  : Launch script is exported to file 'C:\Users\fawei\Downloads\z20\525743\FPGA\Zynq_musicPlayer_FPGA\vitis\Zynq_musicPlayer_vitis_system\_ide\scripts\systemdebugger_zynq_musicplayer_vitis_system_standalone.tcl'
18:33:47 INFO  : Disconnected from the channel tcfchan#2.
18:33:47 INFO  : Connected to target on host '127.0.0.1' and port '3121'.
18:33:48 INFO  : Jtag cable 'Digilent JTAG-HS1 210512180081' is selected.
18:33:48 INFO  : 'jtag frequency' command is executed.
18:33:48 INFO  : Context for 'APU' is selected.
18:33:48 INFO  : System reset is completed.
18:33:51 INFO  : 'after 3000' command is executed.
18:33:51 INFO  : 'targets -set -filter {jtag_cable_name =~ "Digilent JTAG-HS1 210512180081" && level==0 && jtag_device_ctx=="jsn-JTAG-HS1-210512180081-23727093-0"}' command is executed.
18:33:54 INFO  : Device configured successfully with "C:/Users/fawei/Downloads/z20/525743/FPGA/Zynq_musicPlayer_FPGA/vitis/Zynq_musicPlayer_vitis/_ide/bitstream/system_wrapper.bit"
18:33:54 INFO  : Context for 'APU' is selected.
18:33:55 INFO  : Hardware design and registers information is loaded from 'C:/Users/fawei/Downloads/z20/525743/FPGA/Zynq_musicPlayer_FPGA/vitis/system_wrapper/export/system_wrapper/hw/system_wrapper.xsa'.
18:33:55 INFO  : 'configparams force-mem-access 1' command is executed.
18:33:55 INFO  : Context for 'APU' is selected.
18:33:55 INFO  : Sourcing of 'C:/Users/fawei/Downloads/z20/525743/FPGA/Zynq_musicPlayer_FPGA/vitis/Zynq_musicPlayer_vitis/_ide/psinit/ps7_init.tcl' is done.
18:33:55 INFO  : 'ps7_init' command is executed.
18:33:55 INFO  : 'ps7_post_config' command is executed.
18:33:55 INFO  : Context for processor 'ps7_cortexa9_0' is selected.
18:33:56 INFO  : The application 'C:/Users/fawei/Downloads/z20/525743/FPGA/Zynq_musicPlayer_FPGA/vitis/Zynq_musicPlayer_vitis/Debug/Zynq_musicPlayer_vitis.elf' is downloaded to processor 'ps7_cortexa9_0'.
18:33:56 INFO  : 'configparams force-mem-access 0' command is executed.
18:33:56 INFO  : ----------------XSDB Script----------------
connect -url tcp:127.0.0.1:3121
targets -set -nocase -filter {name =~"APU*"}
rst -system
after 3000
targets -set -filter {jtag_cable_name =~ "Digilent JTAG-HS1 210512180081" && level==0 && jtag_device_ctx=="jsn-JTAG-HS1-210512180081-23727093-0"}
fpga -file C:/Users/fawei/Downloads/z20/525743/FPGA/Zynq_musicPlayer_FPGA/vitis/Zynq_musicPlayer_vitis/_ide/bitstream/system_wrapper.bit
targets -set -nocase -filter {name =~"APU*"}
loadhw -hw C:/Users/fawei/Downloads/z20/525743/FPGA/Zynq_musicPlayer_FPGA/vitis/system_wrapper/export/system_wrapper/hw/system_wrapper.xsa -mem-ranges [list {0x40000000 0xbfffffff}] -regs
configparams force-mem-access 1
targets -set -nocase -filter {name =~"APU*"}
source C:/Users/fawei/Downloads/z20/525743/FPGA/Zynq_musicPlayer_FPGA/vitis/Zynq_musicPlayer_vitis/_ide/psinit/ps7_init.tcl
ps7_init
ps7_post_config
targets -set -nocase -filter {name =~ "*A9*#0"}
dow C:/Users/fawei/Downloads/z20/525743/FPGA/Zynq_musicPlayer_FPGA/vitis/Zynq_musicPlayer_vitis/Debug/Zynq_musicPlayer_vitis.elf
configparams force-mem-access 0
----------------End of Script----------------

18:33:56 INFO  : Context for processor 'ps7_cortexa9_0' is selected.
18:33:56 INFO  : 'con' command is executed.
18:33:56 INFO  : ----------------XSDB Script (After Launch)----------------
targets -set -nocase -filter {name =~ "*A9*#0"}
con
----------------End of Script----------------

18:33:56 INFO  : Launch script is exported to file 'C:\Users\fawei\Downloads\z20\525743\FPGA\Zynq_musicPlayer_FPGA\vitis\Zynq_musicPlayer_vitis_system\_ide\scripts\systemdebugger_zynq_musicplayer_vitis_system_standalone.tcl'
19:10:01 INFO  : Checking for BSP changes to sync application flags for project 'Zynq_musicPlayer_vitis'...
19:10:03 ERROR : (XSDB Server)ERROR: [Hsi 55-1571] The design file C:/Users/fawei/Downloads/z20/525743/FPGA/Zynq_musicPlayer_FPGA/vitis/system_wrapper/export/system_wrapper/hw/system_wrapper.xsa is already opened

21:35:08 INFO  : Disconnected from the channel tcfchan#3.
21:35:08 INFO  : Connected to target on host '127.0.0.1' and port '3121'.
21:35:09 INFO  : Jtag cable 'Digilent JTAG-HS1 210512180081' is selected.
21:35:09 INFO  : 'jtag frequency' command is executed.
21:35:09 INFO  : Context for 'APU' is selected.
21:35:09 INFO  : System reset is completed.
21:35:12 INFO  : 'after 3000' command is executed.
21:35:12 INFO  : 'targets -set -filter {jtag_cable_name =~ "Digilent JTAG-HS1 210512180081" && level==0 && jtag_device_ctx=="jsn-JTAG-HS1-210512180081-23727093-0"}' command is executed.
21:35:15 INFO  : Device configured successfully with "C:/Users/fawei/Downloads/z20/525743/FPGA/Zynq_musicPlayer_FPGA/vitis/Zynq_musicPlayer_vitis/_ide/bitstream/system_wrapper.bit"
21:35:15 INFO  : Context for 'APU' is selected.
21:35:16 INFO  : Hardware design and registers information is loaded from 'C:/Users/fawei/Downloads/z20/525743/FPGA/Zynq_musicPlayer_FPGA/vitis/system_wrapper/export/system_wrapper/hw/system_wrapper.xsa'.
21:35:16 INFO  : 'configparams force-mem-access 1' command is executed.
21:35:16 INFO  : Context for 'APU' is selected.
21:35:17 INFO  : Sourcing of 'C:/Users/fawei/Downloads/z20/525743/FPGA/Zynq_musicPlayer_FPGA/vitis/Zynq_musicPlayer_vitis/_ide/psinit/ps7_init.tcl' is done.
21:35:17 INFO  : 'ps7_init' command is executed.
21:35:17 INFO  : 'ps7_post_config' command is executed.
21:35:17 INFO  : Context for processor 'ps7_cortexa9_0' is selected.
21:35:18 INFO  : The application 'C:/Users/fawei/Downloads/z20/525743/FPGA/Zynq_musicPlayer_FPGA/vitis/Zynq_musicPlayer_vitis/Debug/Zynq_musicPlayer_vitis.elf' is downloaded to processor 'ps7_cortexa9_0'.
21:35:18 INFO  : 'configparams force-mem-access 0' command is executed.
21:35:18 INFO  : ----------------XSDB Script----------------
connect -url tcp:127.0.0.1:3121
targets -set -nocase -filter {name =~"APU*"}
rst -system
after 3000
targets -set -filter {jtag_cable_name =~ "Digilent JTAG-HS1 210512180081" && level==0 && jtag_device_ctx=="jsn-JTAG-HS1-210512180081-23727093-0"}
fpga -file C:/Users/fawei/Downloads/z20/525743/FPGA/Zynq_musicPlayer_FPGA/vitis/Zynq_musicPlayer_vitis/_ide/bitstream/system_wrapper.bit
targets -set -nocase -filter {name =~"APU*"}
loadhw -hw C:/Users/fawei/Downloads/z20/525743/FPGA/Zynq_musicPlayer_FPGA/vitis/system_wrapper/export/system_wrapper/hw/system_wrapper.xsa -mem-ranges [list {0x40000000 0xbfffffff}] -regs
configparams force-mem-access 1
targets -set -nocase -filter {name =~"APU*"}
source C:/Users/fawei/Downloads/z20/525743/FPGA/Zynq_musicPlayer_FPGA/vitis/Zynq_musicPlayer_vitis/_ide/psinit/ps7_init.tcl
ps7_init
ps7_post_config
targets -set -nocase -filter {name =~ "*A9*#0"}
dow C:/Users/fawei/Downloads/z20/525743/FPGA/Zynq_musicPlayer_FPGA/vitis/Zynq_musicPlayer_vitis/Debug/Zynq_musicPlayer_vitis.elf
configparams force-mem-access 0
----------------End of Script----------------

21:35:18 INFO  : Context for processor 'ps7_cortexa9_0' is selected.
21:35:18 INFO  : 'con' command is executed.
21:35:18 INFO  : ----------------XSDB Script (After Launch)----------------
targets -set -nocase -filter {name =~ "*A9*#0"}
con
----------------End of Script----------------

21:35:18 INFO  : Launch script is exported to file 'C:\Users\fawei\Downloads\z20\525743\FPGA\Zynq_musicPlayer_FPGA\vitis\Zynq_musicPlayer_vitis_system\_ide\scripts\systemdebugger_zynq_musicplayer_vitis_system_standalone.tcl'
21:43:38 INFO  : Disconnected from the channel tcfchan#5.
